NULL_TYPE
<retaddr> (target=null)
boolean
boolean[]
byte
byte[]
byte[][]
char
char[]
char[][]
char[][][]
com.sun.security.auth.PrincipalComparator
double
double[]
float
float[]
int
int[]
int[][]
java.awt.AWTPermission
java.beans.IndexedPropertyChangeEvent
java.beans.PropertyChangeEvent
java.beans.PropertyChangeListener
java.beans.PropertyChangeListenerProxy
java.beans.PropertyChangeListener[]
java.beans.PropertyChangeSupport
java.io.Bits
java.io.BufferedInputStream
java.io.BufferedOutputStream
java.io.BufferedReader
java.io.BufferedWriter
java.io.ByteArrayInputStream
java.io.ByteArrayOutputStream
java.io.ByteArrayOutputStream[]
java.io.Closeable
java.io.Closeable[]
java.io.Console
java.io.Console$1
java.io.Console$2
java.io.Console$3
java.io.Console$LineReader
java.io.DataInput
java.io.DataInputStream
java.io.DataOutput
java.io.DataOutputStream
java.io.DeleteOnExitHook
java.io.DeleteOnExitHook$1
java.io.EOFException
java.io.Externalizable
java.io.File
java.io.File$1
java.io.File$LazyInitialization
java.io.FileDescriptor
java.io.FileDescriptor$1
java.io.FileFilter
java.io.FileInputStream
java.io.FileNotFoundException
java.io.FileOutputStream
java.io.FilePermission
java.io.FilePermission$1
java.io.FilePermissionCollection
java.io.FileReader
java.io.FileSystem
java.io.FileWriter
java.io.File[]
java.io.FilenameFilter
java.io.FilterInputStream
java.io.FilterOutputStream
java.io.Flushable
java.io.Flushable[]
java.io.IOError
java.io.IOException
java.io.InputStream
java.io.InputStreamReader
java.io.InterruptedIOException
java.io.InvalidClassException
java.io.InvalidObjectException
java.io.NotActiveException
java.io.NotSerializableException
java.io.ObjectInput
java.io.ObjectInputStream
java.io.ObjectInputStream$1
java.io.ObjectInputStream$BlockDataInputStream
java.io.ObjectInputStream$Caches
java.io.ObjectInputStream$GetField
java.io.ObjectInputStream$GetFieldImpl
java.io.ObjectInputStream$HandleTable
java.io.ObjectInputStream$HandleTable$HandleList
java.io.ObjectInputStream$HandleTable$HandleList[]
java.io.ObjectInputStream$PeekInputStream
java.io.ObjectInputStream$ValidationList
java.io.ObjectInputStream$ValidationList$1
java.io.ObjectInputStream$ValidationList$Callback
java.io.ObjectInputValidation
java.io.ObjectOutput
java.io.ObjectOutputStream
java.io.ObjectOutputStream$PutField
java.io.ObjectStreamClass
java.io.ObjectStreamClass$1
java.io.ObjectStreamClass$2
java.io.ObjectStreamClass$3
java.io.ObjectStreamClass$4
java.io.ObjectStreamClass$5
java.io.ObjectStreamClass$Caches
java.io.ObjectStreamClass$ClassDataSlot
java.io.ObjectStreamClass$ClassDataSlot[]
java.io.ObjectStreamClass$EntryFuture
java.io.ObjectStreamClass$EntryFuture$1
java.io.ObjectStreamClass$FieldReflector
java.io.ObjectStreamClass$FieldReflectorKey
java.io.ObjectStreamClass$MemberSignature
java.io.ObjectStreamClass$MemberSignature[]
java.io.ObjectStreamClass$WeakClassKey
java.io.ObjectStreamConstants
java.io.ObjectStreamException
java.io.ObjectStreamField
java.io.ObjectStreamField[]
java.io.OptionalDataException
java.io.OutputStream
java.io.OutputStreamWriter
java.io.OutputStream[]
java.io.PrintStream
java.io.PrintWriter
java.io.PushbackInputStream
java.io.Reader
java.io.SequenceInputStream
java.io.SerialCallbackContext
java.io.Serializable
java.io.SerializablePermission
java.io.Serializable[]
java.io.Serializable[][]
java.io.StreamCorruptedException
java.io.StreamTokenizer
java.io.StringReader
java.io.SyncFailedException
java.io.UTFDataFormatException
java.io.UnsupportedEncodingException
java.io.WriteAbortedException
java.io.Writer
java.lang.AbstractMethodError
java.lang.AbstractStringBuilder
java.lang.AbstractStringBuilder[]
java.lang.Appendable
java.lang.Appendable[]
java.lang.ApplicationShutdownHooks
java.lang.ApplicationShutdownHooks$1
java.lang.ArithmeticException
java.lang.ArrayIndexOutOfBoundsException
java.lang.ArrayStoreException
java.lang.AssertionError
java.lang.AssertionStatusDirectives
java.lang.Boolean
java.lang.Byte
java.lang.Byte$ByteCache
java.lang.Byte[]
java.lang.Byte[][]
java.lang.CharSequence
java.lang.CharSequence[]
java.lang.CharSequence[][]
java.lang.Character
java.lang.Character$CharacterCache
java.lang.Character$Subset
java.lang.Character$Subset[]
java.lang.Character$UnicodeBlock
java.lang.Character$UnicodeBlock[]
java.lang.CharacterData00
java.lang.CharacterData01
java.lang.CharacterData02
java.lang.CharacterData0E
java.lang.CharacterDataLatin1
java.lang.CharacterDataPrivateUse
java.lang.CharacterDataUndefined
java.lang.Character[]
java.lang.Class
java.lang.Class$1
java.lang.Class$2
java.lang.Class$3
java.lang.Class$4
java.lang.Class$EnclosingMethodInfo
java.lang.Class$MethodArray
java.lang.ClassCastException
java.lang.ClassFormatError
java.lang.ClassLoader
java.lang.ClassLoader$1
java.lang.ClassLoader$2
java.lang.ClassLoader$3
java.lang.ClassLoader$NativeLibrary
java.lang.ClassNotFoundException
java.lang.Class[]
java.lang.CloneNotSupportedException
java.lang.Cloneable
java.lang.Cloneable[]
java.lang.Cloneable[][]
java.lang.Comparable
java.lang.Comparable[]
java.lang.Comparable[][]
java.lang.ConditionalSpecialCasing
java.lang.ConditionalSpecialCasing$Entry
java.lang.ConditionalSpecialCasing$Entry[]
java.lang.Double
java.lang.Enum
java.lang.Enum[]
java.lang.Error
java.lang.Exception
java.lang.ExceptionInInitializerError
java.lang.Float
java.lang.IllegalAccessError
java.lang.IllegalAccessException
java.lang.IllegalArgumentException
java.lang.IllegalMonitorStateException
java.lang.IllegalStateException
java.lang.IllegalThreadStateException
java.lang.IncompatibleClassChangeError
java.lang.IndexOutOfBoundsException
java.lang.InheritableThreadLocal
java.lang.InstantiationException
java.lang.Integer
java.lang.Integer$IntegerCache
java.lang.Integer[]
java.lang.InternalError
java.lang.InterruptedException
java.lang.Iterable
java.lang.Iterable[]
java.lang.LinkageError
java.lang.Long
java.lang.Long$LongCache
java.lang.Long[]
java.lang.Math
java.lang.NegativeArraySizeException
java.lang.NoClassDefFoundError
java.lang.NoSuchFieldError
java.lang.NoSuchFieldException
java.lang.NoSuchMethodError
java.lang.NoSuchMethodException
java.lang.NullPointerException
java.lang.Number
java.lang.NumberFormatException
java.lang.Number[]
java.lang.Number[][]
java.lang.Object
java.lang.Object[]
java.lang.Object[][]
java.lang.OutOfMemoryError
java.lang.Package
java.lang.Package$1
java.lang.Package$1PackageInfoProxy
java.lang.Package[]
java.lang.Process
java.lang.ProcessBuilder
java.lang.ProcessEnvironment
java.lang.ProcessEnvironment$ExternalData
java.lang.ProcessEnvironment$StringEntry
java.lang.ProcessEnvironment$StringEntrySet
java.lang.ProcessEnvironment$StringEntrySet$1
java.lang.ProcessEnvironment$StringEntrySet$2
java.lang.ProcessEnvironment$StringEnvironment
java.lang.ProcessEnvironment$StringKeySet
java.lang.ProcessEnvironment$StringKeySet$1
java.lang.ProcessEnvironment$StringValues
java.lang.ProcessEnvironment$StringValues$1
java.lang.ProcessEnvironment$Value
java.lang.ProcessEnvironment$Variable
java.lang.ProcessImpl
java.lang.Readable
java.lang.Runnable
java.lang.Runnable[]
java.lang.Runtime
java.lang.RuntimeException
java.lang.RuntimePermission
java.lang.SecurityException
java.lang.SecurityManager
java.lang.SecurityManager$1
java.lang.SecurityManager$2
java.lang.Short
java.lang.Short$ShortCache
java.lang.Shutdown
java.lang.Shutdown$1
java.lang.Shutdown$Lock
java.lang.StackTraceElement
java.lang.StackTraceElement[]
java.lang.StackTraceElement[][]
java.lang.StrictMath
java.lang.String
java.lang.String$1
java.lang.String$CaseInsensitiveComparator
java.lang.StringBuffer
java.lang.StringBuffer[]
java.lang.StringBuilder
java.lang.StringCoding
java.lang.StringCoding$1
java.lang.StringCoding$StringDecoder
java.lang.StringCoding$StringEncoder
java.lang.StringIndexOutOfBoundsException
java.lang.StringValue
java.lang.String[]
java.lang.String[][]
java.lang.System
java.lang.System$1
java.lang.System$2
java.lang.SystemClassLoaderAction
java.lang.Terminator
java.lang.Thread
java.lang.Thread$1
java.lang.Thread$State
java.lang.Thread$UncaughtExceptionHandler
java.lang.Thread$UncaughtExceptionHandler[]
java.lang.ThreadDeath
java.lang.ThreadGroup
java.lang.ThreadGroup[]
java.lang.ThreadLocal
java.lang.ThreadLocal$1
java.lang.ThreadLocal$ThreadLocalMap
java.lang.ThreadLocal$ThreadLocalMap$Entry
java.lang.ThreadLocal$ThreadLocalMap$Entry[]
java.lang.Thread[]
java.lang.Throwable
java.lang.UNIXProcess
java.lang.UNIXProcess$1
java.lang.UNIXProcess$2
java.lang.UNIXProcess$2$1
java.lang.UNIXProcess$DeferredCloseInputStream
java.lang.UnsatisfiedLinkError
java.lang.UnsupportedOperationException
java.lang.VirtualMachineError
java.lang.Void
java.lang.annotation.Annotation
java.lang.annotation.AnnotationFormatError
java.lang.annotation.Annotation[]
java.lang.annotation.Annotation[][]
java.lang.ref.FinalReference
java.lang.ref.Finalizer
java.lang.ref.PhantomReference
java.lang.ref.Reference
java.lang.ref.Reference$1
java.lang.ref.Reference$Lock
java.lang.ref.Reference$ReferenceHandler
java.lang.ref.ReferenceQueue
java.lang.ref.ReferenceQueue$1
java.lang.ref.ReferenceQueue$Lock
java.lang.ref.ReferenceQueue$Null
java.lang.ref.Reference[]
java.lang.ref.SoftReference
java.lang.ref.SoftReference[]
java.lang.ref.WeakReference
java.lang.ref.WeakReference[]
java.lang.reflect.AccessibleObject
java.lang.reflect.AccessibleObject[]
java.lang.reflect.AnnotatedElement
java.lang.reflect.AnnotatedElement[]
java.lang.reflect.Array
java.lang.reflect.Constructor
java.lang.reflect.Constructor[]
java.lang.reflect.Field
java.lang.reflect.Field[]
java.lang.reflect.GenericArrayType
java.lang.reflect.GenericDeclaration
java.lang.reflect.GenericDeclaration[]
java.lang.reflect.InvocationHandler
java.lang.reflect.InvocationTargetException
java.lang.reflect.Member
java.lang.reflect.Member[]
java.lang.reflect.Method
java.lang.reflect.Method[]
java.lang.reflect.Modifier
java.lang.reflect.Proxy
java.lang.reflect.Proxy$1
java.lang.reflect.Proxy$ProxyAccessHelper
java.lang.reflect.Proxy$ProxyAccessHelper$1
java.lang.reflect.ReflectAccess
java.lang.reflect.ReflectPermission
java.lang.reflect.Type
java.lang.reflect.TypeVariable
java.lang.reflect.TypeVariable[]
java.lang.reflect.Type[]
java.math.BigDecimal
java.math.BigDecimal$1
java.math.BigDecimal$LongOverflow
java.math.BigDecimal$StringBuilderHelper
java.math.BigDecimal[]
java.math.BigInteger
java.math.BigInteger[]
java.math.BitSieve
java.math.MathContext
java.math.MutableBigInteger
java.math.RoundingMode
java.math.RoundingMode[]
java.math.SignedMutableBigInteger
java.net.ContentHandler
java.net.ContentHandlerFactory
java.net.FileNameMap
java.net.HttpRetryException
java.net.HttpURLConnection
java.net.Inet4Address
java.net.Inet6Address
java.net.Inet6Address$1
java.net.Inet6Address$Inet6AddressHolder
java.net.InetAddress
java.net.InetAddress$1
java.net.InetAddress$2
java.net.InetAddress$Cache
java.net.InetAddress$Cache$Type
java.net.InetAddress$Cache$Type[]
java.net.InetAddress$CacheEntry
java.net.InetAddress$InetAddressHolder
java.net.InetAddressImpl
java.net.InetAddressImplFactory
java.net.InetAddress[]
java.net.InetSocketAddress
java.net.InterfaceAddress
java.net.InterfaceAddress[]
java.net.JarURLConnection
java.net.MalformedURLException
java.net.NetPermission
java.net.NetworkInterface
java.net.NetworkInterface$1
java.net.NetworkInterface$1checkedAddresses
java.net.NetworkInterface$1subIFs
java.net.NetworkInterface[]
java.net.Parts
java.net.ProtocolException
java.net.Proxy
java.net.Proxy$Type
java.net.SocketException
java.net.SocketPermission
java.net.SocketPermissionCollection
java.net.URI
java.net.URI$Parser
java.net.URISyntaxException
java.net.URL
java.net.URL$1
java.net.URLClassLoader
java.net.URLClassLoader$1
java.net.URLClassLoader$2
java.net.URLClassLoader$3
java.net.URLClassLoader$3$1
java.net.URLClassLoader$4
java.net.URLClassLoader$5
java.net.URLClassLoader$6
java.net.URLClassLoader$7
java.net.URLConnection
java.net.URLConnection$1
java.net.URLStreamHandler
java.net.URLStreamHandlerFactory
java.net.URL[]
java.net.UnknownContentHandler
java.net.UnknownHostException
java.net.UnknownServiceException
java.nio.Bits
java.nio.Bits$1
java.nio.Buffer
java.nio.BufferOverflowException
java.nio.BufferUnderflowException
java.nio.ByteBuffer
java.nio.ByteBufferAsCharBufferB
java.nio.ByteBufferAsCharBufferL
java.nio.ByteBufferAsDoubleBufferB
java.nio.ByteBufferAsDoubleBufferL
java.nio.ByteBufferAsFloatBufferB
java.nio.ByteBufferAsFloatBufferL
java.nio.ByteBufferAsIntBufferB
java.nio.ByteBufferAsIntBufferL
java.nio.ByteBufferAsLongBufferB
java.nio.ByteBufferAsLongBufferL
java.nio.ByteBufferAsShortBufferB
java.nio.ByteBufferAsShortBufferL
java.nio.ByteBuffer[]
java.nio.ByteOrder
java.nio.CharBuffer
java.nio.DirectByteBuffer
java.nio.DoubleBuffer
java.nio.FloatBuffer
java.nio.HeapByteBuffer
java.nio.HeapByteBufferR
java.nio.HeapCharBuffer
java.nio.HeapCharBufferR
java.nio.IntBuffer
java.nio.InvalidMarkException
java.nio.LongBuffer
java.nio.MappedByteBuffer
java.nio.ReadOnlyBufferException
java.nio.ShortBuffer
java.nio.StringCharBuffer
java.nio.channels.AsynchronousCloseException
java.nio.channels.ByteChannel
java.nio.channels.Channel
java.nio.channels.ClosedByInterruptException
java.nio.channels.FileChannel
java.nio.channels.FileChannel$MapMode
java.nio.channels.FileLock
java.nio.channels.GatheringByteChannel
java.nio.channels.InterruptibleChannel
java.nio.channels.ReadableByteChannel
java.nio.channels.ScatteringByteChannel
java.nio.channels.WritableByteChannel
java.nio.channels.spi.AbstractInterruptibleChannel
java.nio.channels.spi.AbstractInterruptibleChannel$1
java.nio.channels.spi.SelectorProvider
java.nio.charset.CharacterCodingException
java.nio.charset.Charset
java.nio.charset.Charset$1
java.nio.charset.Charset$2
java.nio.charset.Charset$3
java.nio.charset.Charset$4
java.nio.charset.CharsetDecoder
java.nio.charset.CharsetEncoder
java.nio.charset.CoderMalfunctionError
java.nio.charset.CoderResult
java.nio.charset.CoderResult$1
java.nio.charset.CoderResult$2
java.nio.charset.CoderResult$Cache
java.nio.charset.CodingErrorAction
java.nio.charset.IllegalCharsetNameException
java.nio.charset.MalformedInputException
java.nio.charset.UnmappableCharacterException
java.nio.charset.UnsupportedCharsetException
java.nio.charset.spi.CharsetProvider
java.security.AccessControlContext
java.security.AccessControlContext$1
java.security.AccessControlContext$2
java.security.AccessControlException
java.security.AccessController
java.security.AccessController$1
java.security.AlgorithmParameters
java.security.AlgorithmParametersSpi
java.security.AllPermission
java.security.AllPermissionCollection
java.security.AllPermissionCollection$1
java.security.BasicPermission
java.security.BasicPermissionCollection
java.security.Certificate
java.security.Certificate[]
java.security.CodeSigner
java.security.CodeSigner[]
java.security.CodeSource
java.security.CodeSource[]
java.security.DigestException
java.security.DomainCombiner
java.security.GeneralSecurityException
java.security.Guard
java.security.Guard[]
java.security.Identity
java.security.IdentityScope
java.security.IdentityScope$1
java.security.InvalidAlgorithmParameterException
java.security.InvalidKeyException
java.security.InvalidParameterException
java.security.Key
java.security.KeyException
java.security.KeyFactory
java.security.KeyFactorySpi
java.security.KeyManagementException
java.security.KeyPair
java.security.KeyStore
java.security.KeyStore$1
java.security.KeyStore$Builder
java.security.KeyStore$CallbackHandlerProtection
java.security.KeyStore$Entry
java.security.KeyStore$LoadStoreParameter
java.security.KeyStore$PasswordProtection
java.security.KeyStore$PrivateKeyEntry
java.security.KeyStore$ProtectionParameter
java.security.KeyStore$SecretKeyEntry
java.security.KeyStore$SimpleLoadStoreParameter
java.security.KeyStore$TrustedCertificateEntry
java.security.KeyStoreException
java.security.KeyStoreSpi
java.security.Key[]
java.security.MessageDigest
java.security.MessageDigest$Delegate
java.security.MessageDigestSpi
java.security.NoSuchAlgorithmException
java.security.NoSuchProviderException
java.security.Permission
java.security.PermissionCollection
java.security.Permission[]
java.security.Permissions
java.security.PermissionsEnumerator
java.security.PermissionsHash
java.security.Policy
java.security.Policy$1
java.security.Policy$2
java.security.Policy$3
java.security.Policy$Parameters
java.security.Policy$PolicyDelegate
java.security.Policy$PolicyInfo
java.security.Policy$UnsupportedEmptyCollection
java.security.PolicySpi
java.security.Principal
java.security.Principal[]
java.security.PrivateKey
java.security.PrivilegedAction
java.security.PrivilegedActionException
java.security.PrivilegedExceptionAction
java.security.ProtectionDomain
java.security.ProtectionDomain$1
java.security.ProtectionDomain$2
java.security.ProtectionDomain$2$1
java.security.ProtectionDomain$Key
java.security.ProtectionDomain[]
java.security.Provider
java.security.Provider$1
java.security.Provider$EngineDescription
java.security.Provider$Service
java.security.Provider$ServiceKey
java.security.Provider$UString
java.security.ProviderException
java.security.Provider[]
java.security.PublicKey
java.security.PublicKey[]
java.security.SecureClassLoader
java.security.SecureRandom
java.security.SecureRandomSpi
java.security.Security
java.security.Security$1
java.security.Security$2
java.security.Security$ProviderProperty
java.security.SecurityPermission
java.security.Signature
java.security.Signature$CipherAdapter
java.security.Signature$Delegate
java.security.SignatureException
java.security.SignatureSpi
java.security.Signer
java.security.Signer$1
java.security.Timestamp
java.security.UnrecoverableEntryException
java.security.UnrecoverableKeyException
java.security.UnresolvedPermission
java.security.UnresolvedPermissionCollection
java.security.cert.CRL
java.security.cert.CRLException
java.security.cert.CRLSelector
java.security.cert.CRL[]
java.security.cert.CertPath
java.security.cert.CertPath$CertPathRep
java.security.cert.CertPathBuilder
java.security.cert.CertPathBuilder$1
java.security.cert.CertPathBuilderException
java.security.cert.CertPathBuilderResult
java.security.cert.CertPathBuilderSpi
java.security.cert.CertPathHelperImpl
java.security.cert.CertPathParameters
java.security.cert.CertPathValidator
java.security.cert.CertPathValidator$1
java.security.cert.CertPathValidatorException
java.security.cert.CertPathValidatorResult
java.security.cert.CertPathValidatorSpi
java.security.cert.CertSelector
java.security.cert.CertStore
java.security.cert.CertStore$1
java.security.cert.CertStoreException
java.security.cert.CertStoreParameters
java.security.cert.CertStoreSpi
java.security.cert.Certificate
java.security.cert.Certificate$CertificateRep
java.security.cert.CertificateEncodingException
java.security.cert.CertificateException
java.security.cert.CertificateExpiredException
java.security.cert.CertificateFactory
java.security.cert.CertificateFactorySpi
java.security.cert.CertificateNotYetValidException
java.security.cert.CertificateParsingException
java.security.cert.Certificate[]
java.security.cert.CollectionCertStoreParameters
java.security.cert.PKIXBuilderParameters
java.security.cert.PKIXCertPathBuilderResult
java.security.cert.PKIXCertPathChecker
java.security.cert.PKIXCertPathValidatorResult
java.security.cert.PKIXParameters
java.security.cert.PolicyNode
java.security.cert.TrustAnchor
java.security.cert.X509CRL
java.security.cert.X509CRLEntry
java.security.cert.X509CRLEntry[]
java.security.cert.X509CRLSelector
java.security.cert.X509CRL[]
java.security.cert.X509CertSelector
java.security.cert.X509Certificate
java.security.cert.X509Certificate[]
java.security.cert.X509Extension
java.security.cert.X509Extension[]
java.security.interfaces.ECKey
java.security.interfaces.ECPrivateKey
java.security.interfaces.ECPublicKey
java.security.spec.AlgorithmParameterSpec
java.security.spec.ECPrivateKeySpec
java.security.spec.ECPublicKeySpec
java.security.spec.EncodedKeySpec
java.security.spec.InvalidKeySpecException
java.security.spec.InvalidParameterSpecException
java.security.spec.KeySpec
java.security.spec.PKCS8EncodedKeySpec
java.security.spec.X509EncodedKeySpec
java.text.Annotation
java.text.AttributeEntry
java.text.AttributedCharacterIterator
java.text.AttributedCharacterIterator$Attribute
java.text.AttributedCharacterIterator$Attribute[]
java.text.AttributedCharacterIterator[]
java.text.AttributedString
java.text.AttributedString$AttributeMap
java.text.AttributedString$AttributedStringIterator
java.text.BreakDictionary
java.text.BreakDictionary$1
java.text.BreakIterator
java.text.BreakIterator$1
java.text.BreakIterator$BreakIteratorCache
java.text.BreakIterator$BreakIteratorGetter
java.text.CharacterIterator
java.text.CharacterIteratorFieldDelegate
java.text.CharacterIterator[]
java.text.ChoiceFormat
java.text.DateFormat
java.text.DateFormat$DateFormatGetter
java.text.DateFormat$Field
java.text.DateFormat$Field[]
java.text.DateFormatSymbols
java.text.DateFormatSymbols$DateFormatSymbolsGetter
java.text.DecimalFormat
java.text.DecimalFormatSymbols
java.text.DecimalFormatSymbols$DecimalFormatSymbolsGetter
java.text.DictionaryBasedBreakIterator
java.text.DigitList
java.text.DigitList$1
java.text.DontCareFieldPosition
java.text.DontCareFieldPosition$1
java.text.FieldPosition
java.text.FieldPosition$1
java.text.FieldPosition$Delegate
java.text.FieldPosition[]
java.text.Format
java.text.Format$Field
java.text.Format$FieldDelegate
java.text.Format$Field[]
java.text.Format[]
java.text.MessageFormat
java.text.MessageFormat$Field
java.text.Normalizer
java.text.Normalizer$Form
java.text.Normalizer$Form[]
java.text.NumberFormat
java.text.NumberFormat$Field
java.text.NumberFormat$NumberFormatGetter
java.text.ParseException
java.text.ParsePosition
java.text.RuleBasedBreakIterator
java.text.RuleBasedBreakIterator$1
java.text.RuleBasedBreakIterator$SafeCharIterator
java.text.SimpleDateFormat
java.text.StringCharacterIterator
java.text.spi.BreakIteratorProvider
java.text.spi.DateFormatProvider
java.text.spi.DateFormatSymbolsProvider
java.text.spi.DecimalFormatSymbolsProvider
java.text.spi.NumberFormatProvider
java.util.AbstractCollection
java.util.AbstractCollection[]
java.util.AbstractList
java.util.AbstractList$1
java.util.AbstractList$Itr
java.util.AbstractList$ListItr
java.util.AbstractList[]
java.util.AbstractMap
java.util.AbstractMap$1
java.util.AbstractMap$1$1
java.util.AbstractMap$2
java.util.AbstractMap$2$1
java.util.AbstractMap$SimpleEntry
java.util.AbstractMap$SimpleImmutableEntry
java.util.AbstractQueue
java.util.AbstractSequentialList
java.util.AbstractSet
java.util.ArrayList
java.util.Arrays
java.util.Arrays$ArrayList
java.util.BitSet
java.util.Calendar
java.util.Calendar$1
java.util.Calendar$CalendarAccessControlContext
java.util.Collection
java.util.Collection[]
java.util.Collections
java.util.Collections$1
java.util.Collections$AsLIFOQueue
java.util.Collections$CheckedCollection
java.util.Collections$CheckedList
java.util.Collections$CheckedMap
java.util.Collections$CheckedRandomAccessList
java.util.Collections$CheckedSet
java.util.Collections$CheckedSortedMap
java.util.Collections$CheckedSortedSet
java.util.Collections$CopiesList
java.util.Collections$EmptyList
java.util.Collections$EmptyMap
java.util.Collections$EmptySet
java.util.Collections$EmptySet$1
java.util.Collections$ReverseComparator
java.util.Collections$ReverseComparator2
java.util.Collections$SelfComparable
java.util.Collections$SetFromMap
java.util.Collections$SingletonList
java.util.Collections$SingletonMap
java.util.Collections$SingletonSet
java.util.Collections$SingletonSet$1
java.util.Collections$SynchronizedCollection
java.util.Collections$SynchronizedList
java.util.Collections$SynchronizedMap
java.util.Collections$SynchronizedRandomAccessList
java.util.Collections$SynchronizedSet
java.util.Collections$SynchronizedSortedMap
java.util.Collections$SynchronizedSortedSet
java.util.Collections$UnmodifiableCollection
java.util.Collections$UnmodifiableCollection$1
java.util.Collections$UnmodifiableList
java.util.Collections$UnmodifiableList$1
java.util.Collections$UnmodifiableMap
java.util.Collections$UnmodifiableMap$UnmodifiableEntrySet
java.util.Collections$UnmodifiableMap$UnmodifiableEntrySet$1
java.util.Collections$UnmodifiableMap$UnmodifiableEntrySet$UnmodifiableEntry
java.util.Collections$UnmodifiableRandomAccessList
java.util.Collections$UnmodifiableSet
java.util.Collections$UnmodifiableSortedMap
java.util.Collections$UnmodifiableSortedSet
java.util.Comparator
java.util.ConcurrentModificationException
java.util.Currency
java.util.Currency$1
java.util.Currency$CurrencyNameGetter
java.util.Date
java.util.Deque
java.util.Dictionary
java.util.Dictionary[]
java.util.DuplicateFormatFlagsException
java.util.EmptyStackException
java.util.Enumeration
java.util.Enumeration[]
java.util.EventListener
java.util.EventListener[]
java.util.EventObject
java.util.FormatFlagsConversionMismatchException
java.util.Formattable
java.util.Formatter
java.util.Formatter$BigDecimalLayoutForm
java.util.Formatter$BigDecimalLayoutForm[]
java.util.Formatter$Conversion
java.util.Formatter$DateTime
java.util.Formatter$FixedString
java.util.Formatter$Flags
java.util.Formatter$Flags[]
java.util.Formatter$FormatSpecifier
java.util.Formatter$FormatSpecifier$BigDecimalLayout
java.util.Formatter$FormatString
java.util.Formatter$FormatString[]
java.util.FormatterClosedException
java.util.GregorianCalendar
java.util.HashMap
java.util.HashMap$1
java.util.HashMap$Entry
java.util.HashMap$EntryIterator
java.util.HashMap$EntrySet
java.util.HashMap$Entry[]
java.util.HashMap$HashIterator
java.util.HashMap$KeyIterator
java.util.HashMap$KeySet
java.util.HashMap$ValueIterator
java.util.HashMap$Values
java.util.HashSet
java.util.Hashtable
java.util.Hashtable$1
java.util.Hashtable$EmptyEnumerator
java.util.Hashtable$EmptyIterator
java.util.Hashtable$Entry
java.util.Hashtable$EntrySet
java.util.Hashtable$Entry[]
java.util.Hashtable$Enumerator
java.util.Hashtable$KeySet
java.util.Hashtable$ValueCollection
java.util.Hashtable[]
java.util.IdentityHashMap
java.util.IdentityHashMap$1
java.util.IdentityHashMap$EntryIterator
java.util.IdentityHashMap$EntrySet
java.util.IdentityHashMap$IdentityHashMapIterator
java.util.IdentityHashMap$KeyIterator
java.util.IdentityHashMap$KeySet
java.util.IdentityHashMap$ValueIterator
java.util.IdentityHashMap$Values
java.util.IllegalFormatCodePointException
java.util.IllegalFormatConversionException
java.util.IllegalFormatException
java.util.IllegalFormatFlagsException
java.util.IllegalFormatPrecisionException
java.util.IllegalFormatWidthException
java.util.InvalidPropertiesFormatException
java.util.Iterator
java.util.JapaneseImperialCalendar
java.util.LinkedHashMap
java.util.LinkedHashMap$1
java.util.LinkedHashMap$Entry
java.util.LinkedHashMap$EntryIterator
java.util.LinkedHashMap$KeyIterator
java.util.LinkedHashMap$LinkedHashIterator
java.util.LinkedHashMap$ValueIterator
java.util.LinkedHashSet
java.util.LinkedList
java.util.LinkedList$1
java.util.LinkedList$DescendingIterator
java.util.LinkedList$Entry
java.util.LinkedList$ListItr
java.util.List
java.util.ListIterator
java.util.List[]
java.util.Locale
java.util.Locale$LocaleNameGetter
java.util.Locale[]
java.util.Map
java.util.Map$Entry
java.util.Map$Entry[]
java.util.Map[]
java.util.MissingFormatArgumentException
java.util.MissingFormatWidthException
java.util.MissingResourceException
java.util.NavigableMap
java.util.NavigableSet
java.util.NoSuchElementException
java.util.Properties
java.util.Properties$LineReader
java.util.Properties[]
java.util.PropertyPermission
java.util.PropertyPermissionCollection
java.util.PropertyResourceBundle
java.util.Queue
java.util.Random
java.util.RandomAccess
java.util.RandomAccessSubList
java.util.RandomAccess[]
java.util.ResourceBundle
java.util.ResourceBundle$1
java.util.ResourceBundle$BundleReference
java.util.ResourceBundle$CacheKey
java.util.ResourceBundle$CacheKeyReference
java.util.ResourceBundle$Control
java.util.ResourceBundle$Control$1
java.util.ResourceBundle$LoaderReference
java.util.ResourceBundle$NoFallbackControl
java.util.ResourceBundle$RBClassLoader
java.util.ResourceBundle$RBClassLoader$1
java.util.ResourceBundle$SingleFormatControl
java.util.ServiceConfigurationError
java.util.ServiceLoader
java.util.ServiceLoader$1
java.util.ServiceLoader$LazyIterator
java.util.Set
java.util.SimpleTimeZone
java.util.SortedMap
java.util.SortedSet
java.util.Stack
java.util.StringTokenizer
java.util.SubList
java.util.SubList$1
java.util.TimeZone
java.util.TimeZone$1
java.util.TimeZone$DisplayNames
java.util.TreeMap
java.util.TreeMap$AscendingSubMap
java.util.TreeMap$DescendingKeyIterator
java.util.TreeMap$DescendingSubMap
java.util.TreeMap$Entry
java.util.TreeMap$EntryIterator
java.util.TreeMap$EntrySet
java.util.TreeMap$KeyIterator
java.util.TreeMap$KeySet
java.util.TreeMap$NavigableSubMap
java.util.TreeMap$NavigableSubMap$DescendingSubMapEntryIterator
java.util.TreeMap$NavigableSubMap$DescendingSubMapKeyIterator
java.util.TreeMap$NavigableSubMap$EntrySetView
java.util.TreeMap$NavigableSubMap$SubMapEntryIterator
java.util.TreeMap$NavigableSubMap$SubMapIterator
java.util.TreeMap$NavigableSubMap$SubMapKeyIterator
java.util.TreeMap$PrivateEntryIterator
java.util.TreeMap$SubMap
java.util.TreeMap$ValueIterator
java.util.TreeMap$Values
java.util.TreeSet
java.util.UnknownFormatConversionException
java.util.UnknownFormatFlagsException
java.util.Vector
java.util.Vector$1
java.util.Vector[]
java.util.WeakHashMap
java.util.WeakHashMap$1
java.util.WeakHashMap$Entry
java.util.WeakHashMap$EntryIterator
java.util.WeakHashMap$EntrySet
java.util.WeakHashMap$Entry[]
java.util.WeakHashMap$HashIterator
java.util.WeakHashMap$KeyIterator
java.util.WeakHashMap$KeySet
java.util.WeakHashMap$ValueIterator
java.util.WeakHashMap$Values
java.util.XMLUtils
java.util.concurrent.AbstractExecutorService
java.util.concurrent.BlockingQueue
java.util.concurrent.Callable
java.util.concurrent.CancellationException
java.util.concurrent.ConcurrentHashMap
java.util.concurrent.ConcurrentHashMap$EntryIterator
java.util.concurrent.ConcurrentHashMap$EntrySet
java.util.concurrent.ConcurrentHashMap$HashEntry
java.util.concurrent.ConcurrentHashMap$HashEntry[]
java.util.concurrent.ConcurrentHashMap$HashIterator
java.util.concurrent.ConcurrentHashMap$KeyIterator
java.util.concurrent.ConcurrentHashMap$KeySet
java.util.concurrent.ConcurrentHashMap$Segment
java.util.concurrent.ConcurrentHashMap$Segment[]
java.util.concurrent.ConcurrentHashMap$ValueIterator
java.util.concurrent.ConcurrentHashMap$Values
java.util.concurrent.ConcurrentHashMap$WriteThroughEntry
java.util.concurrent.ConcurrentMap
java.util.concurrent.ExecutionException
java.util.concurrent.Executor
java.util.concurrent.ExecutorCompletionService
java.util.concurrent.ExecutorService
java.util.concurrent.Executors
java.util.concurrent.Executors$1
java.util.concurrent.Executors$2
java.util.concurrent.Executors$DefaultThreadFactory
java.util.concurrent.Executors$DelegatedExecutorService
java.util.concurrent.Executors$DelegatedScheduledExecutorService
java.util.concurrent.Executors$FinalizableDelegatedExecutorService
java.util.concurrent.Executors$PrivilegedCallable
java.util.concurrent.Executors$PrivilegedCallableUsingCurrentClassLoader
java.util.concurrent.Executors$PrivilegedThreadFactory
java.util.concurrent.Executors$RunnableAdapter
java.util.concurrent.Future
java.util.concurrent.FutureTask
java.util.concurrent.FutureTask$Sync
java.util.concurrent.LinkedBlockingQueue
java.util.concurrent.LinkedBlockingQueue$Itr
java.util.concurrent.LinkedBlockingQueue$Node
java.util.concurrent.RejectedExecutionException
java.util.concurrent.RejectedExecutionHandler
java.util.concurrent.RunnableFuture
java.util.concurrent.ScheduledExecutorService
java.util.concurrent.ScheduledThreadPoolExecutor
java.util.concurrent.SynchronousQueue
java.util.concurrent.ThreadFactory
java.util.concurrent.ThreadPoolExecutor
java.util.concurrent.ThreadPoolExecutor$AbortPolicy
java.util.concurrent.ThreadPoolExecutor$CallerRunsPolicy
java.util.concurrent.ThreadPoolExecutor$DiscardOldestPolicy
java.util.concurrent.ThreadPoolExecutor$DiscardPolicy
java.util.concurrent.ThreadPoolExecutor$Worker
java.util.concurrent.TimeUnit
java.util.concurrent.TimeUnit$1
java.util.concurrent.TimeUnit$2
java.util.concurrent.TimeUnit$3
java.util.concurrent.TimeUnit$4
java.util.concurrent.TimeUnit$5
java.util.concurrent.TimeUnit$6
java.util.concurrent.TimeUnit$7
java.util.concurrent.TimeUnit[]
java.util.concurrent.TimeoutException
java.util.concurrent.atomic.AtomicInteger
java.util.concurrent.atomic.AtomicLong
java.util.concurrent.atomic.AtomicReference
java.util.concurrent.atomic.AtomicReferenceFieldUpdater
java.util.concurrent.atomic.AtomicReferenceFieldUpdater$AtomicReferenceFieldUpdaterImpl
java.util.concurrent.locks.AbstractOwnableSynchronizer
java.util.concurrent.locks.AbstractQueuedSynchronizer
java.util.concurrent.locks.AbstractQueuedSynchronizer$ConditionObject
java.util.concurrent.locks.AbstractQueuedSynchronizer$Node
java.util.concurrent.locks.Condition
java.util.concurrent.locks.Lock
java.util.concurrent.locks.LockSupport
java.util.concurrent.locks.Lock[]
java.util.concurrent.locks.ReentrantLock
java.util.concurrent.locks.ReentrantLock$FairSync
java.util.concurrent.locks.ReentrantLock$NonfairSync
java.util.concurrent.locks.ReentrantLock$Sync
java.util.concurrent.locks.ReentrantLock[]
java.util.jar.Attributes
java.util.jar.Attributes$Name
java.util.jar.JarEntry
java.util.jar.JarException
java.util.jar.JarFile
java.util.jar.JarFile$1
java.util.jar.JarFile$2
java.util.jar.JarFile$3
java.util.jar.JarFile$4
java.util.jar.JarFile$JarFileEntry
java.util.jar.JarInputStream
java.util.jar.JarVerifier
java.util.jar.JarVerifier$1
java.util.jar.JarVerifier$2
java.util.jar.JarVerifier$3
java.util.jar.JarVerifier$4
java.util.jar.JarVerifier$VerifierCodeSource
java.util.jar.JarVerifier$VerifierStream
java.util.jar.JavaUtilJarAccessImpl
java.util.jar.Manifest
java.util.jar.Manifest$FastInputStream
java.util.logging.ErrorManager
java.util.logging.Filter
java.util.logging.Formatter
java.util.logging.Handler
java.util.logging.Handler[]
java.util.logging.Level
java.util.logging.Level$KnownLevel
java.util.logging.LogManager
java.util.logging.LogManager$1
java.util.logging.LogManager$2
java.util.logging.LogManager$3
java.util.logging.LogManager$4
java.util.logging.LogManager$5
java.util.logging.LogManager$6
java.util.logging.LogManager$Cleaner
java.util.logging.LogManager$LogNode
java.util.logging.LogManager$LoggerContext
java.util.logging.LogManager$LoggerContext$1
java.util.logging.LogManager$LoggerWeakRef
java.util.logging.LogManager$RootLogger
java.util.logging.LogManager$SystemLoggerContext
java.util.logging.LogRecord
java.util.logging.Logger
java.util.logging.Logger$1
java.util.logging.Logger$SystemLoggerHelper
java.util.logging.Logger$SystemLoggerHelper$1
java.util.logging.Logging
java.util.logging.LoggingMXBean
java.util.logging.LoggingPermission
java.util.regex.ASCII
java.util.regex.MatchResult
java.util.regex.Matcher
java.util.regex.Pattern
java.util.regex.Pattern$1
java.util.regex.Pattern$2
java.util.regex.Pattern$3
java.util.regex.Pattern$4
java.util.regex.Pattern$5
java.util.regex.Pattern$6
java.util.regex.Pattern$7
java.util.regex.Pattern$8
java.util.regex.Pattern$All
java.util.regex.Pattern$BackRef
java.util.regex.Pattern$Begin
java.util.regex.Pattern$Behind
java.util.regex.Pattern$BehindS
java.util.regex.Pattern$BitClass
java.util.regex.Pattern$BmpCharProperty
java.util.regex.Pattern$BnM
java.util.regex.Pattern$BnMS
java.util.regex.Pattern$Bound
java.util.regex.Pattern$Branch
java.util.regex.Pattern$BranchConn
java.util.regex.Pattern$CIBackRef
java.util.regex.Pattern$Caret
java.util.regex.Pattern$Category
java.util.regex.Pattern$CharProperty
java.util.regex.Pattern$CharProperty$1
java.util.regex.Pattern$CharPropertyNames
java.util.regex.Pattern$CharPropertyNames$1
java.util.regex.Pattern$CharPropertyNames$10
java.util.regex.Pattern$CharPropertyNames$11
java.util.regex.Pattern$CharPropertyNames$12
java.util.regex.Pattern$CharPropertyNames$13
java.util.regex.Pattern$CharPropertyNames$14
java.util.regex.Pattern$CharPropertyNames$15
java.util.regex.Pattern$CharPropertyNames$16
java.util.regex.Pattern$CharPropertyNames$17
java.util.regex.Pattern$CharPropertyNames$18
java.util.regex.Pattern$CharPropertyNames$19
java.util.regex.Pattern$CharPropertyNames$2
java.util.regex.Pattern$CharPropertyNames$20
java.util.regex.Pattern$CharPropertyNames$21
java.util.regex.Pattern$CharPropertyNames$3
java.util.regex.Pattern$CharPropertyNames$4
java.util.regex.Pattern$CharPropertyNames$5
java.util.regex.Pattern$CharPropertyNames$6
java.util.regex.Pattern$CharPropertyNames$7
java.util.regex.Pattern$CharPropertyNames$8
java.util.regex.Pattern$CharPropertyNames$9
java.util.regex.Pattern$CharPropertyNames$CharPropertyFactory
java.util.regex.Pattern$CharPropertyNames$CloneableProperty
java.util.regex.Pattern$Conditional
java.util.regex.Pattern$Ctype
java.util.regex.Pattern$Curly
java.util.regex.Pattern$Dollar
java.util.regex.Pattern$Dot
java.util.regex.Pattern$End
java.util.regex.Pattern$First
java.util.regex.Pattern$GroupCurly
java.util.regex.Pattern$GroupHead
java.util.regex.Pattern$GroupHead[]
java.util.regex.Pattern$GroupRef
java.util.regex.Pattern$GroupTail
java.util.regex.Pattern$LastMatch
java.util.regex.Pattern$LastNode
java.util.regex.Pattern$LazyLoop
java.util.regex.Pattern$Loop
java.util.regex.Pattern$Neg
java.util.regex.Pattern$Node
java.util.regex.Pattern$Node[]
java.util.regex.Pattern$NotBehind
java.util.regex.Pattern$NotBehindS
java.util.regex.Pattern$Pos
java.util.regex.Pattern$Prolog
java.util.regex.Pattern$Ques
java.util.regex.Pattern$Single
java.util.regex.Pattern$SingleI
java.util.regex.Pattern$SingleS
java.util.regex.Pattern$SingleU
java.util.regex.Pattern$Slice
java.util.regex.Pattern$SliceI
java.util.regex.Pattern$SliceIS
java.util.regex.Pattern$SliceNode
java.util.regex.Pattern$SliceS
java.util.regex.Pattern$SliceU
java.util.regex.Pattern$SliceUS
java.util.regex.Pattern$Start
java.util.regex.Pattern$StartS
java.util.regex.Pattern$TreeInfo
java.util.regex.Pattern$UnixCaret
java.util.regex.Pattern$UnixDollar
java.util.regex.Pattern$UnixDot
java.util.regex.PatternSyntaxException
java.util.spi.CurrencyNameProvider
java.util.spi.LocaleNameProvider
java.util.spi.LocaleServiceProvider
java.util.spi.TimeZoneNameProvider
java.util.zip.CRC32
java.util.zip.CheckedInputStream
java.util.zip.Checksum
java.util.zip.DataFormatException
java.util.zip.GZIPInputStream
java.util.zip.Inflater
java.util.zip.InflaterInputStream
java.util.zip.ZStreamRef
java.util.zip.ZipConstants
java.util.zip.ZipEntry
java.util.zip.ZipError
java.util.zip.ZipException
java.util.zip.ZipFile
java.util.zip.ZipFile$1
java.util.zip.ZipFile$2
java.util.zip.ZipFile$3
java.util.zip.ZipFile$ZipFileInputStream
java.util.zip.ZipInputStream
java.util.zip.ZipOutputStream
javax.crypto.BadPaddingException
javax.crypto.Cipher
javax.crypto.Cipher$r
javax.crypto.CipherSpi
javax.crypto.ExemptionMechanism
javax.crypto.ExemptionMechanismException
javax.crypto.ExemptionMechanismSpi
javax.crypto.IllegalBlockSizeException
javax.crypto.NoSuchPaddingException
javax.crypto.NullCipher
javax.crypto.SecretKey
javax.crypto.ShortBufferException
javax.crypto.SunJCE_b
javax.crypto.SunJCE_b$1
javax.crypto.SunJCE_b$2
javax.crypto.SunJCE_c
javax.crypto.SunJCE_c$1
javax.crypto.SunJCE_c$s
javax.crypto.SunJCE_d
javax.crypto.SunJCE_e
javax.crypto.SunJCE_e$o
javax.crypto.SunJCE_e$p
javax.crypto.SunJCE_e$q
javax.crypto.SunJCE_f
javax.crypto.SunJCE_f[]
javax.crypto.SunJCE_g
javax.crypto.SunJCE_h
javax.crypto.SunJCE_h$1
javax.crypto.SunJCE_j
javax.crypto.SunJCE_k
javax.crypto.SunJCE_l
javax.crypto.spec.IvParameterSpec
javax.crypto.spec.PBEParameterSpec
javax.crypto.spec.RC2ParameterSpec
javax.crypto.spec.RC5ParameterSpec
javax.security.auth.AuthPermission
javax.security.auth.PrivateCredentialPermission
javax.security.auth.PrivateCredentialPermission$CredOwner
javax.security.auth.PrivateCredentialPermission$CredOwner[]
javax.security.auth.Subject
javax.security.auth.Subject$1
javax.security.auth.Subject$2
javax.security.auth.Subject$ClassSet
javax.security.auth.Subject$SecureSet
javax.security.auth.Subject$SecureSet$1
javax.security.auth.Subject$SecureSet$2
javax.security.auth.Subject$SecureSet$3
javax.security.auth.Subject$SecureSet$4
javax.security.auth.Subject$SecureSet$5
javax.security.auth.Subject$SecureSet$6
javax.security.auth.callback.Callback
javax.security.auth.callback.CallbackHandler
javax.security.auth.callback.PasswordCallback
javax.security.auth.callback.UnsupportedCallbackException
javax.security.auth.x500.X500Principal
joeq.Class.jq_Array
joeq.Class.jq_Class
joeq.Class.jq_ClassInitializer
joeq.Class.jq_CompiledCode
joeq.Class.jq_DontAlign
joeq.Class.jq_Initializer
joeq.Class.jq_InstanceField
joeq.Class.jq_InstanceMethod
joeq.Class.jq_Member
joeq.Class.jq_Method
joeq.Class.jq_Primitive
joeq.Class.jq_Reference
joeq.Class.jq_StaticField
joeq.Class.jq_StaticMethod
joeq.Class.jq_Type
joeq.ClassLib.ClassLibInterface
joeq.Memory.Address
joeq.Memory.Address[]
joeq.Memory.CodeAddress
joeq.Memory.CodeAddress$CodeAddressFactory
joeq.Memory.HeapAddress
joeq.Memory.HeapAddress$HeapAddressFactory
joeq.Memory.StackAddress
joeq.Memory.StackAddress$StackAddressFactory
joeq.Runtime.BasicReflectionImpl
joeq.Runtime.ObjectTraverser
joeq.Runtime.Reflection
long
long[]
short
short[]
sun.awt.EventListenerAggregate
sun.jkernel.BackgroundDownloader
sun.jkernel.BackgroundDownloader$1
sun.jkernel.BackgroundDownloader$2
sun.jkernel.Bundle
sun.jkernel.Bundle$1
sun.jkernel.Bundle$2
sun.jkernel.Bundle$3
sun.jkernel.BundleCheck
sun.jkernel.ByteArrayToFromHexDigits
sun.jkernel.DownloadManager
sun.jkernel.DownloadManager$1
sun.jkernel.DownloadManager$2
sun.jkernel.DownloadManager$2$1
sun.jkernel.DownloadManager$2$2
sun.jkernel.DownloadManager$3
sun.jkernel.DownloadManager$4
sun.jkernel.DownloadManager$5
sun.jkernel.DownloadManager$6
sun.jkernel.DownloadManager$7
sun.jkernel.DownloadManager$8
sun.jkernel.DownloadManager$StreamMonitor
sun.jkernel.KernelError
sun.jkernel.Mutex
sun.jkernel.StandaloneByteArrayAccess
sun.jkernel.StandaloneMessageDigest
sun.jkernel.StandaloneSHA
sun.misc.ASCIICaseInsensitiveComparator
sun.misc.BASE64Decoder
sun.misc.CEFormatException
sun.misc.CEStreamExhausted
sun.misc.CharacterDecoder
sun.misc.CharacterEncoder
sun.misc.ClassFileTransformer
sun.misc.Cleaner
sun.misc.Cleaner$1
sun.misc.CompoundEnumeration
sun.misc.ExtensionDependency
sun.misc.ExtensionDependency$1
sun.misc.ExtensionDependency$2
sun.misc.ExtensionDependency$3
sun.misc.ExtensionDependency$4
sun.misc.ExtensionInfo
sun.misc.ExtensionInstallationException
sun.misc.ExtensionInstallationProvider
sun.misc.FDBigInt
sun.misc.FDBigInt[]
sun.misc.FileURLMapper
sun.misc.FloatingDecimal
sun.misc.FloatingDecimal$1
sun.misc.FloatingDecimal$HexFloatPattern
sun.misc.FormattedFloatingDecimal
sun.misc.FormattedFloatingDecimal$1
sun.misc.FormattedFloatingDecimal$2
sun.misc.FormattedFloatingDecimal$Form
sun.misc.FormattedFloatingDecimal$Form[]
sun.misc.FpUtils
sun.misc.HexDumpEncoder
sun.misc.IOUtils
sun.misc.InvalidJarIndexException
sun.misc.JarFilter
sun.misc.JarIndex
sun.misc.JavaAWTAccess
sun.misc.JavaIOAccess
sun.misc.JavaIOFileAccess
sun.misc.JavaIOFileDescriptorAccess
sun.misc.JavaLangAccess
sun.misc.JavaNetAccess
sun.misc.JavaNioAccess
sun.misc.JavaSecurityAccess
sun.misc.JavaSecurityProtectionDomainAccess
sun.misc.JavaSecurityProtectionDomainAccess$ProtectionDomainCache
sun.misc.JavaSecurityProtectionDomainAccess$ProtectionDomainCache[]
sun.misc.JavaUtilJarAccess
sun.misc.JavaUtilZipFileAccess
sun.misc.Launcher
sun.misc.Launcher$1
sun.misc.Launcher$2
sun.misc.Launcher$AppClassLoader
sun.misc.Launcher$AppClassLoader$1
sun.misc.Launcher$ExtClassLoader
sun.misc.Launcher$ExtClassLoader$1
sun.misc.Launcher$Factory
sun.misc.MessageUtils
sun.misc.MetaIndex
sun.misc.OSEnvironment
sun.misc.PathPermissions
sun.misc.ProxyGenerator
sun.misc.ProxyGenerator$1
sun.misc.ProxyGenerator$ConstantPool
sun.misc.ProxyGenerator$ConstantPool$Entry
sun.misc.ProxyGenerator$ConstantPool$IndirectEntry
sun.misc.ProxyGenerator$ConstantPool$ValueEntry
sun.misc.ProxyGenerator$ExceptionTableEntry
sun.misc.ProxyGenerator$FieldInfo
sun.misc.ProxyGenerator$MethodInfo
sun.misc.ProxyGenerator$PrimitiveTypeInfo
sun.misc.ProxyGenerator$ProxyMethod
sun.misc.Resource
sun.misc.Service
sun.misc.Service$1
sun.misc.Service$LazyIterator
sun.misc.ServiceConfigurationError
sun.misc.SharedSecrets
sun.misc.SoftCache
sun.misc.SoftCache$1
sun.misc.SoftCache$Entry
sun.misc.SoftCache$EntrySet
sun.misc.SoftCache$EntrySet$1
sun.misc.SoftCache$ValueCell
sun.misc.URLClassPath
sun.misc.URLClassPath$1
sun.misc.URLClassPath$2
sun.misc.URLClassPath$3
sun.misc.URLClassPath$FileLoader
sun.misc.URLClassPath$FileLoader$1
sun.misc.URLClassPath$JarLoader
sun.misc.URLClassPath$JarLoader$1
sun.misc.URLClassPath$JarLoader$2
sun.misc.URLClassPath$JarLoader$3
sun.misc.URLClassPath$Loader
sun.misc.URLClassPath$Loader$1
sun.misc.Unsafe
sun.misc.VM
sun.misc.VMNotification
sun.misc.Version
sun.net.ApplicationProxy
sun.net.InetAddressCachePolicy
sun.net.InetAddressCachePolicy$1
sun.net.InetAddressCachePolicy$2
sun.net.spi.nameservice.NameService
sun.net.spi.nameservice.NameServiceDescriptor
sun.net.util.IPAddressUtil
sun.net.util.URLUtil
sun.net.www.MessageHeader
sun.net.www.MessageHeader$HeaderIterator
sun.net.www.MimeTable
sun.net.www.ParseUtil
sun.net.www.URLConnection
sun.nio.ByteBuffered
sun.nio.ch.FileChannelImpl
sun.nio.ch.Interruptible
sun.nio.cs.FastCharsetProvider
sun.nio.cs.FastCharsetProvider$1
sun.nio.cs.HistoricallyNamedCharset
sun.nio.cs.StandardCharsets
sun.nio.cs.StandardCharsets$1
sun.nio.cs.StandardCharsets$Aliases
sun.nio.cs.StandardCharsets$Cache
sun.nio.cs.StandardCharsets$Classes
sun.nio.cs.StreamDecoder
sun.nio.cs.StreamEncoder
sun.nio.cs.Surrogate
sun.nio.cs.Surrogate$Generator
sun.nio.cs.Surrogate$Parser
sun.nio.cs.ThreadLocalCoders
sun.nio.cs.ThreadLocalCoders$1
sun.nio.cs.ThreadLocalCoders$2
sun.nio.cs.ThreadLocalCoders$Cache
sun.nio.cs.US_ASCII
sun.nio.cs.US_ASCII$1
sun.nio.cs.US_ASCII$Decoder
sun.nio.cs.US_ASCII$Encoder
sun.reflect.AccessorGenerator
sun.reflect.BootstrapConstructorAccessorImpl
sun.reflect.ByteVector
sun.reflect.ByteVectorFactory
sun.reflect.ByteVectorImpl
sun.reflect.ClassDefiner
sun.reflect.ClassDefiner$1
sun.reflect.ClassFileAssembler
sun.reflect.ClassFileConstants
sun.reflect.ConstantPool
sun.reflect.ConstructorAccessor
sun.reflect.ConstructorAccessorImpl
sun.reflect.DelegatingClassLoader
sun.reflect.DelegatingConstructorAccessorImpl
sun.reflect.DelegatingMethodAccessorImpl
sun.reflect.FieldAccessor
sun.reflect.FieldAccessorImpl
sun.reflect.InstantiationExceptionConstructorAccessorImpl
sun.reflect.Label
sun.reflect.Label$PatchInfo
sun.reflect.LangReflectAccess
sun.reflect.MagicAccessorImpl
sun.reflect.MethodAccessor
sun.reflect.MethodAccessorGenerator
sun.reflect.MethodAccessorGenerator$1
sun.reflect.MethodAccessorImpl
sun.reflect.NativeConstructorAccessorImpl
sun.reflect.NativeMethodAccessorImpl
sun.reflect.Reflection
sun.reflect.ReflectionFactory
sun.reflect.ReflectionFactory$1
sun.reflect.ReflectionFactory$GetReflectionFactoryAction
sun.reflect.SerializationConstructorAccessorImpl
sun.reflect.UTF8
sun.reflect.UnsafeBooleanFieldAccessorImpl
sun.reflect.UnsafeByteFieldAccessorImpl
sun.reflect.UnsafeCharacterFieldAccessorImpl
sun.reflect.UnsafeDoubleFieldAccessorImpl
sun.reflect.UnsafeFieldAccessorFactory
sun.reflect.UnsafeFieldAccessorImpl
sun.reflect.UnsafeFloatFieldAccessorImpl
sun.reflect.UnsafeIntegerFieldAccessorImpl
sun.reflect.UnsafeLongFieldAccessorImpl
sun.reflect.UnsafeObjectFieldAccessorImpl
sun.reflect.UnsafeQualifiedBooleanFieldAccessorImpl
sun.reflect.UnsafeQualifiedByteFieldAccessorImpl
sun.reflect.UnsafeQualifiedCharacterFieldAccessorImpl
sun.reflect.UnsafeQualifiedDoubleFieldAccessorImpl
sun.reflect.UnsafeQualifiedFieldAccessorImpl
sun.reflect.UnsafeQualifiedFloatFieldAccessorImpl
sun.reflect.UnsafeQualifiedIntegerFieldAccessorImpl
sun.reflect.UnsafeQualifiedLongFieldAccessorImpl
sun.reflect.UnsafeQualifiedObjectFieldAccessorImpl
sun.reflect.UnsafeQualifiedShortFieldAccessorImpl
sun.reflect.UnsafeQualifiedStaticBooleanFieldAccessorImpl
sun.reflect.UnsafeQualifiedStaticByteFieldAccessorImpl
sun.reflect.UnsafeQualifiedStaticCharacterFieldAccessorImpl
sun.reflect.UnsafeQualifiedStaticDoubleFieldAccessorImpl
sun.reflect.UnsafeQualifiedStaticFieldAccessorImpl
sun.reflect.UnsafeQualifiedStaticFloatFieldAccessorImpl
sun.reflect.UnsafeQualifiedStaticIntegerFieldAccessorImpl
sun.reflect.UnsafeQualifiedStaticLongFieldAccessorImpl
sun.reflect.UnsafeQualifiedStaticObjectFieldAccessorImpl
sun.reflect.UnsafeQualifiedStaticShortFieldAccessorImpl
sun.reflect.UnsafeShortFieldAccessorImpl
sun.reflect.UnsafeStaticBooleanFieldAccessorImpl
sun.reflect.UnsafeStaticByteFieldAccessorImpl
sun.reflect.UnsafeStaticCharacterFieldAccessorImpl
sun.reflect.UnsafeStaticDoubleFieldAccessorImpl
sun.reflect.UnsafeStaticFieldAccessorImpl
sun.reflect.UnsafeStaticFloatFieldAccessorImpl
sun.reflect.UnsafeStaticIntegerFieldAccessorImpl
sun.reflect.UnsafeStaticLongFieldAccessorImpl
sun.reflect.UnsafeStaticObjectFieldAccessorImpl
sun.reflect.UnsafeStaticShortFieldAccessorImpl
sun.reflect.annotation.AnnotationParser
sun.reflect.annotation.AnnotationType
sun.reflect.annotation.ExceptionProxy
sun.reflect.generics.factory.CoreReflectionFactory
sun.reflect.generics.factory.GenericsFactory
sun.reflect.generics.repository.ClassRepository
sun.reflect.generics.repository.ConstructorRepository
sun.reflect.generics.repository.FieldRepository
sun.reflect.generics.repository.MethodRepository
sun.reflect.generics.scope.ClassScope
sun.reflect.generics.scope.ConstructorScope
sun.reflect.generics.scope.MethodScope
sun.reflect.misc.ReflectUtil
sun.security.action.GetBooleanAction
sun.security.action.GetIntegerAction
sun.security.action.GetPropertyAction
sun.security.action.LoadLibraryAction
sun.security.action.PutAllAction
sun.security.ec.ECKeyFactory
sun.security.ec.ECKeyFactory$1
sun.security.ec.ECKeyFactory$2
sun.security.ec.ECPrivateKeyImpl
sun.security.ec.ECPublicKeyImpl
sun.security.jca.GetInstance
sun.security.jca.GetInstance$1
sun.security.jca.GetInstance$Instance
sun.security.jca.JCAUtil
sun.security.jca.ProviderConfig
sun.security.jca.ProviderConfig$1
sun.security.jca.ProviderConfig$2
sun.security.jca.ProviderConfig$3
sun.security.jca.ProviderConfig$4
sun.security.jca.ProviderConfig$5
sun.security.jca.ProviderConfig[]
sun.security.jca.ProviderList
sun.security.jca.ProviderList$1
sun.security.jca.ProviderList$2
sun.security.jca.ProviderList$3
sun.security.jca.ProviderList$ServiceList
sun.security.jca.ProviderList$ServiceList$1
sun.security.jca.Providers
sun.security.jca.ServiceId
sun.security.jca.ServiceId[]
sun.security.pkcs.ContentInfo
sun.security.pkcs.ESSCertId
sun.security.pkcs.ESSCertId[]
sun.security.pkcs.PKCS7
sun.security.pkcs.PKCS9Attribute
sun.security.pkcs.PKCS9Attribute[]
sun.security.pkcs.PKCS9Attributes
sun.security.pkcs.ParsingException
sun.security.pkcs.SignerInfo
sun.security.pkcs.SignerInfo[]
sun.security.pkcs.SigningCertificateInfo
sun.security.provider.IdentityDatabase
sun.security.provider.NativePRNG
sun.security.provider.NativePRNG$1
sun.security.provider.NativePRNG$RandomIO
sun.security.provider.NativePRNG$RandomIO$1
sun.security.provider.NativeSeedGenerator
sun.security.provider.PolicyFile
sun.security.provider.PolicyFile$1
sun.security.provider.PolicyFile$10
sun.security.provider.PolicyFile$2
sun.security.provider.PolicyFile$3
sun.security.provider.PolicyFile$4
sun.security.provider.PolicyFile$5
sun.security.provider.PolicyFile$6
sun.security.provider.PolicyFile$7
sun.security.provider.PolicyFile$8
sun.security.provider.PolicyFile$9
sun.security.provider.PolicyFile$PolicyEntry
sun.security.provider.PolicyFile$PolicyInfo
sun.security.provider.PolicyFile$SelfPermission
sun.security.provider.PolicyParser
sun.security.provider.PolicyParser$GrantEntry
sun.security.provider.PolicyParser$ParsingException
sun.security.provider.PolicyParser$PermissionEntry
sun.security.provider.PolicyParser$PrincipalEntry
sun.security.provider.SecureRandom
sun.security.provider.SecureRandom$1
sun.security.provider.SecureRandom$SeederHolder
sun.security.provider.SeedGenerator
sun.security.provider.SeedGenerator$1
sun.security.provider.SeedGenerator$ThreadedSeedGenerator
sun.security.provider.SeedGenerator$ThreadedSeedGenerator$1
sun.security.provider.SeedGenerator$ThreadedSeedGenerator$BogusThread
sun.security.provider.SeedGenerator$URLSeedGenerator
sun.security.provider.SeedGenerator$URLSeedGenerator$1
sun.security.provider.Sun
sun.security.provider.Sun$1
sun.security.provider.SystemIdentity
sun.security.provider.SystemSigner
sun.security.provider.X509Factory
sun.security.provider.certpath.AlgorithmChecker
sun.security.provider.certpath.CertPathHelper
sun.security.provider.certpath.OCSPResponse
sun.security.provider.certpath.OCSPResponse$UnreliableException
sun.security.provider.certpath.UntrustedChecker
sun.security.timestamp.TimestampToken
sun.security.util.BitArray
sun.security.util.ByteArrayLexOrder
sun.security.util.ByteArrayTagOrder
sun.security.util.Debug
sun.security.util.DerEncoder
sun.security.util.DerEncoder[]
sun.security.util.DerIndefLenConverter
sun.security.util.DerInputBuffer
sun.security.util.DerInputStream
sun.security.util.DerOutputStream
sun.security.util.DerOutputStream[]
sun.security.util.DerValue
sun.security.util.DerValue[]
sun.security.util.ManifestDigester
sun.security.util.ManifestDigester$Entry
sun.security.util.ManifestDigester$Position
sun.security.util.ManifestEntryVerifier
sun.security.util.ManifestEntryVerifier$SunProviderHolder
sun.security.util.ObjectIdentifier
sun.security.util.ObjectIdentifier[]
sun.security.util.Password
sun.security.util.PolicyUtil
sun.security.util.PropertyExpander
sun.security.util.PropertyExpander$ExpandException
sun.security.util.ResourcesMgr
sun.security.util.ResourcesMgr$1
sun.security.util.ResourcesMgr$2
sun.security.util.SecurityConstants
sun.security.util.SignatureFileVerifier
sun.security.util.UntrustedCertificates
sun.security.validator.EndEntityChecker
sun.security.validator.KeyStores
sun.security.validator.PKIXValidator
sun.security.validator.SimpleValidator
sun.security.validator.Validator
sun.security.validator.ValidatorException
sun.security.x509.AVA
sun.security.x509.AVAComparator
sun.security.x509.AVAKeyword
sun.security.x509.AVA[]
sun.security.x509.AlgorithmId
sun.security.x509.AlgorithmId[]
sun.security.x509.AttributeNameEnumeration
sun.security.x509.AuthorityInfoAccessExtension
sun.security.x509.AuthorityKeyIdentifierExtension
sun.security.x509.BasicConstraintsExtension
sun.security.x509.CRLDistributionPointsExtension
sun.security.x509.CRLExtensions
sun.security.x509.CRLNumberExtension
sun.security.x509.CRLReasonCodeExtension
sun.security.x509.CertAttrSet
sun.security.x509.CertificateAlgorithmId
sun.security.x509.CertificateExtensions
sun.security.x509.CertificateIssuerExtension
sun.security.x509.CertificateIssuerName
sun.security.x509.CertificateIssuerUniqueIdentity
sun.security.x509.CertificatePoliciesExtension
sun.security.x509.CertificatePolicyId
sun.security.x509.CertificatePolicySet
sun.security.x509.CertificateSerialNumber
sun.security.x509.CertificateSubjectName
sun.security.x509.CertificateSubjectUniqueIdentity
sun.security.x509.CertificateValidity
sun.security.x509.CertificateVersion
sun.security.x509.CertificateX509Key
sun.security.x509.DNSName
sun.security.x509.DeltaCRLIndicatorExtension
sun.security.x509.EDIPartyName
sun.security.x509.ExtendedKeyUsageExtension
sun.security.x509.Extension
sun.security.x509.GeneralName
sun.security.x509.GeneralNameInterface
sun.security.x509.GeneralNames
sun.security.x509.GeneralSubtree
sun.security.x509.GeneralSubtrees
sun.security.x509.IPAddressName
sun.security.x509.IssuerAlternativeNameExtension
sun.security.x509.IssuingDistributionPointExtension
sun.security.x509.KeyIdentifier
sun.security.x509.KeyUsageExtension
sun.security.x509.NameConstraintsExtension
sun.security.x509.NetscapeCertTypeExtension
sun.security.x509.NetscapeCertTypeExtension$MapEntry
sun.security.x509.NetscapeCertTypeExtension$MapEntry[]
sun.security.x509.OIDMap
sun.security.x509.OIDMap$OIDInfo
sun.security.x509.OIDName
sun.security.x509.OtherName
sun.security.x509.PKIXExtensions
sun.security.x509.PolicyConstraintsExtension
sun.security.x509.PolicyInformation
sun.security.x509.PolicyMappingsExtension
sun.security.x509.PrivateKeyUsageExtension
sun.security.x509.RDN
sun.security.x509.RDN[]
sun.security.x509.RFC822Name
sun.security.x509.SerialNumber
sun.security.x509.SubjectAlternativeNameExtension
sun.security.x509.SubjectKeyIdentifierExtension
sun.security.x509.URIName
sun.security.x509.UniqueIdentity
sun.security.x509.UnparseableExtension
sun.security.x509.X400Address
sun.security.x509.X500Name
sun.security.x509.X500Name$1
sun.security.x509.X509AttributeName
sun.security.x509.X509CRLEntryImpl
sun.security.x509.X509CRLImpl
sun.security.x509.X509CRLImpl$X509IssuerSerial
sun.security.x509.X509CertImpl
sun.security.x509.X509CertInfo
sun.security.x509.X509Key
sun.text.CompactByteArray
sun.text.Normalizer
sun.text.SupplementaryCharacterData
sun.text.normalizer.CharTrie
sun.text.normalizer.CharTrie$FriendAgent
sun.text.normalizer.CharacterIteratorWrapper
sun.text.normalizer.ICUBinary
sun.text.normalizer.ICUBinary$Authenticate
sun.text.normalizer.ICUData
sun.text.normalizer.ICUData$1
sun.text.normalizer.IntTrie
sun.text.normalizer.NormalizerBase
sun.text.normalizer.NormalizerBase$1
sun.text.normalizer.NormalizerBase$IsNextBoundary
sun.text.normalizer.NormalizerBase$IsNextNFDSafe
sun.text.normalizer.NormalizerBase$IsNextTrueStarter
sun.text.normalizer.NormalizerBase$IsPrevBoundary
sun.text.normalizer.NormalizerBase$IsPrevNFDSafe
sun.text.normalizer.NormalizerBase$IsPrevTrueStarter
sun.text.normalizer.NormalizerBase$Mode
sun.text.normalizer.NormalizerBase$NFCMode
sun.text.normalizer.NormalizerBase$NFDMode
sun.text.normalizer.NormalizerBase$NFKCMode
sun.text.normalizer.NormalizerBase$NFKDMode
sun.text.normalizer.NormalizerBase$QuickCheckResult
sun.text.normalizer.NormalizerDataReader
sun.text.normalizer.NormalizerImpl
sun.text.normalizer.NormalizerImpl$1
sun.text.normalizer.NormalizerImpl$AuxTrieImpl
sun.text.normalizer.NormalizerImpl$ComposePartArgs
sun.text.normalizer.NormalizerImpl$DecomposeArgs
sun.text.normalizer.NormalizerImpl$FCDTrieImpl
sun.text.normalizer.NormalizerImpl$NextCCArgs
sun.text.normalizer.NormalizerImpl$NextCombiningArgs
sun.text.normalizer.NormalizerImpl$NormTrieImpl
sun.text.normalizer.NormalizerImpl$PrevArgs
sun.text.normalizer.NormalizerImpl$RecomposeArgs
sun.text.normalizer.RangeValueIterator
sun.text.normalizer.RangeValueIterator$Element
sun.text.normalizer.Replaceable
sun.text.normalizer.ReplaceableString
sun.text.normalizer.ReplaceableUCharacterIterator
sun.text.normalizer.RuleCharacterIterator
sun.text.normalizer.SymbolTable
sun.text.normalizer.Trie
sun.text.normalizer.Trie$DataManipulate
sun.text.normalizer.TrieIterator
sun.text.normalizer.UCharacter
sun.text.normalizer.UCharacter$ECharacterCategory
sun.text.normalizer.UCharacter$HangulSyllableType
sun.text.normalizer.UCharacter$NumericType
sun.text.normalizer.UCharacterIterator
sun.text.normalizer.UCharacterProperty
sun.text.normalizer.UCharacterPropertyReader
sun.text.normalizer.UTF16
sun.text.normalizer.UnicodeMatcher
sun.text.normalizer.UnicodeMatcher[]
sun.text.normalizer.UnicodeSet
sun.text.normalizer.UnicodeSet$Filter
sun.text.normalizer.UnicodeSet$VersionFilter
sun.text.normalizer.UnicodeSetIterator
sun.text.normalizer.UnicodeSet[]
sun.text.normalizer.Utility
sun.text.normalizer.VersionInfo
sun.util.BuddhistCalendar
sun.util.LocaleDataMetaInfo
sun.util.LocaleServiceProviderPool
sun.util.LocaleServiceProviderPool$1
sun.util.LocaleServiceProviderPool$AllAvailableLocales
sun.util.LocaleServiceProviderPool$LocalizedObjectGetter
sun.util.LocaleServiceProviderPool$NullProvider
sun.util.PreHashedMap
sun.util.PreHashedMap$1
sun.util.PreHashedMap$1$1
sun.util.PreHashedMap$2
sun.util.PreHashedMap$2$1
sun.util.PreHashedMap$2$1$1
sun.util.ResourceBundleEnumeration
sun.util.TimeZoneNameUtility
sun.util.TimeZoneNameUtility$TimeZoneNameGetter
sun.util.calendar.AbstractCalendar
sun.util.calendar.BaseCalendar
sun.util.calendar.BaseCalendar$Date
sun.util.calendar.CalendarDate
sun.util.calendar.CalendarSystem
sun.util.calendar.CalendarUtils
sun.util.calendar.Era
sun.util.calendar.Era[]
sun.util.calendar.Gregorian
sun.util.calendar.Gregorian$Date
sun.util.calendar.ImmutableGregorianDate
sun.util.calendar.JulianCalendar
sun.util.calendar.JulianCalendar$Date
sun.util.calendar.LocalGregorianCalendar
sun.util.calendar.LocalGregorianCalendar$1
sun.util.calendar.LocalGregorianCalendar$Date
sun.util.calendar.TzIDOldMapping
sun.util.calendar.ZoneInfo
sun.util.calendar.ZoneInfoFile
sun.util.calendar.ZoneInfoFile$1
sun.util.calendar.ZoneInfoFile$2
sun.util.resources.LocaleData
sun.util.resources.LocaleData$1
sun.util.resources.LocaleData$2
sun.util.resources.LocaleData$AvailableLocales
sun.util.resources.LocaleData$LocaleDataResourceBundleControl
sun.util.resources.OpenListResourceBundle
test.HelloWorld
void
