5!bar:()V@T
5!baz:()V@T
5!foo:()V@T
5!taz:()V@T
E!available:()I@java.io.BufferedInputStream
E!read:()I@java.io.BufferedInputStream
E!read:([BII)I@java.io.BufferedInputStream
E!skip:(J)J@java.io.BufferedInputStream
E!flush:()V@java.io.BufferedOutputStream
E!write:(I)V@java.io.BufferedOutputStream
E!write:([BII)V@java.io.BufferedOutputStream
6!close:()V@java.io.BufferedReader
20!mark:(I)V@java.io.BufferedReader
6!read:()I@java.io.BufferedReader
7!read:([CII)I@java.io.BufferedReader
9!readLine:(Z)Ljava/lang/String;@java.io.BufferedReader
6!ready:()Z@java.io.BufferedReader
6!reset:()V@java.io.BufferedReader
6!close:()V@java.io.BufferedWriter
6!flush:()V@java.io.BufferedWriter
6!flushBuffer:()V@java.io.BufferedWriter
6!write:(I)V@java.io.BufferedWriter
7!write:(Ljava/lang/String;II)V@java.io.BufferedWriter
7!write:([CII)V@java.io.BufferedWriter
E!available:()I@java.io.ByteArrayInputStream
E!read:()I@java.io.ByteArrayInputStream
E!read:([BII)I@java.io.ByteArrayInputStream
E!reset:()V@java.io.ByteArrayInputStream
E!skip:(J)J@java.io.ByteArrayInputStream
E!reset:()V@java.io.ByteArrayOutputStream
E!size:()I@java.io.ByteArrayOutputStream
E!toByteArray:()[B@java.io.ByteArrayOutputStream
E!toString:()Ljava/lang/String;@java.io.ByteArrayOutputStream
E!toString:(I)Ljava/lang/String;@java.io.ByteArrayOutputStream
E!toString:(Ljava/lang/String;)Ljava/lang/String;@java.io.ByteArrayOutputStream
E!write:(I)V@java.io.ByteArrayOutputStream
E!write:([BII)V@java.io.ByteArrayOutputStream
E!writeTo:(Ljava/io/OutputStream;)V@java.io.ByteArrayOutputStream
9!readPassword:(Ljava/lang/String;[Ljava/lang/Object;)[C@java.io.Console
17!readPassword:(Ljava/lang/String;[Ljava/lang/Object;)[C@java.io.Console
52!read:([CII)I@java.io.Console$LineReader
E!write:(I)V@java.io.DataOutputStream
E!write:([BII)V@java.io.DataOutputStream
E!add:(Ljava/lang/String;)V@java.io.DeleteOnExitHook
5!runHooks:()V@java.io.DeleteOnExitHook
6!close:()V@java.io.FileInputStream
6!close:()V@java.io.FileOutputStream
54!add:(Ljava/security/Permission;)V@java.io.FilePermissionCollection
3!elements:()Ljava/util/Enumeration;@java.io.FilePermissionCollection
29!implies:(Ljava/security/Permission;)Z@java.io.FilePermissionCollection
E!get:()Ljava/lang/Object;@java.io.ObjectStreamClass$EntryFuture
E!set:(Ljava/lang/Object;)Z@java.io.ObjectStreamClass$EntryFuture
3!close:()V@java.io.PrintStream
3!flush:()V@java.io.PrintStream
3!newLine:()V@java.io.PrintStream
8!println:(Ljava/lang/Object;)V@java.io.PrintStream
3!println:(Ljava/lang/String;)V@java.io.PrintStream
3!write:(I)V@java.io.PrintStream
3!write:(Ljava/lang/String;)V@java.io.PrintStream
4!write:([BII)V@java.io.PrintStream
6!flush:()V@java.io.PrintWriter
6!format:(Ljava/lang/String;[Ljava/lang/Object;)Ljava/io/PrintWriter;@java.io.PrintWriter
6!newLine:()V@java.io.PrintWriter
6!write:(I)V@java.io.PrintWriter
7!write:(Ljava/lang/String;II)V@java.io.PrintWriter
7!write:([CII)V@java.io.PrintWriter
E!close:()V@java.io.PushbackInputStream
20!mark:(I)V@java.io.StringReader
6!read:()I@java.io.StringReader
7!read:([CII)I@java.io.StringReader
6!ready:()Z@java.io.StringReader
6!reset:()V@java.io.StringReader
6!write:(I)V@java.io.Writer
7!write:(Ljava/lang/String;II)V@java.io.Writer
E!add:(Ljava/lang/Thread;)V@java.lang.ApplicationShutdownHooks
5!runHooks:()V@java.lang.ApplicationShutdownHooks
17!desiredAssertionStatus:()Z@java.lang.Class
E!checkCerts:(Ljava/lang/String;Ljava/security/CodeSource;)V@java.lang.ClassLoader
7!definePackage:(Ljava/lang/String;Ljava/lang/String;Ljava/lang/String;Ljava/lang/String;Ljava/lang/String;Ljava/lang/String;Ljava/lang/String;Ljava/net/URL;)Ljava/lang/Package;@java.lang.ClassLoader
E!desiredAssertionStatus:(Ljava/lang/String;)Z@java.lang.ClassLoader
E!getDefaultDomain:()Ljava/security/ProtectionDomain;@java.lang.ClassLoader
6!getPackage:(Ljava/lang/String;)Ljava/lang/Package;@java.lang.ClassLoader
69!getPackage:(Ljava/lang/String;)Ljava/lang/Package;@java.lang.ClassLoader
E!initSystemClassLoader:()V@java.lang.ClassLoader
E!loadClass:(Ljava/lang/String;Z)Ljava/lang/Class;@java.lang.ClassLoader
73!loadLibrary0:(Ljava/lang/Class;Ljava/io/File;)Z@java.lang.ClassLoader
132!loadLibrary0:(Ljava/lang/Class;Ljava/io/File;)Z@java.lang.ClassLoader
5!getSystemPackage:(Ljava/lang/String;)Ljava/lang/Package;@java.lang.Package
E!loadLibrary0:(Ljava/lang/Class;Ljava/lang/String;)V@java.lang.Runtime
14!<init>:()V@java.lang.SecurityManager
19!checkPackageAccess:(Ljava/lang/String;)V@java.lang.SecurityManager
5!add:(ILjava/lang/Runnable;)V@java.lang.Shutdown
7!exit:(I)V@java.lang.Shutdown
95!exit:(I)V@java.lang.Shutdown
5!halt:(I)V@java.lang.Shutdown
5!sequence:()V@java.lang.Shutdown
34!sequence:()V@java.lang.Shutdown
E!append:(C)Ljava/lang/StringBuffer;@java.lang.StringBuffer
E!append:(I)Ljava/lang/StringBuffer;@java.lang.StringBuffer
E!append:(J)Ljava/lang/StringBuffer;@java.lang.StringBuffer
E!append:(Ljava/lang/CharSequence;II)Ljava/lang/StringBuffer;@java.lang.StringBuffer
E!append:(Ljava/lang/Object;)Ljava/lang/StringBuffer;@java.lang.StringBuffer
E!append:(Ljava/lang/String;)Ljava/lang/StringBuffer;@java.lang.StringBuffer
E!append:(Ljava/lang/StringBuffer;)Ljava/lang/StringBuffer;@java.lang.StringBuffer
E!append:([C)Ljava/lang/StringBuffer;@java.lang.StringBuffer
E!append:([CII)Ljava/lang/StringBuffer;@java.lang.StringBuffer
E!charAt:(I)C@java.lang.StringBuffer
E!getChars:(II[CI)V@java.lang.StringBuffer
E!insert:(IC)Ljava/lang/StringBuffer;@java.lang.StringBuffer
E!length:()I@java.lang.StringBuffer
E!setLength:(I)V@java.lang.StringBuffer
E!subSequence:(II)Ljava/lang/CharSequence;@java.lang.StringBuffer
E!substring:(I)Ljava/lang/String;@java.lang.StringBuffer
E!substring:(II)Ljava/lang/String;@java.lang.StringBuffer
E!toString:()Ljava/lang/String;@java.lang.StringBuffer
11!console:()Ljava/io/Console;@java.lang.System
E!setSecurityManager0:(Ljava/lang/SecurityManager;)V@java.lang.System
3!clone:()Ljava/lang/Object;@java.lang.Thread
17!interrupt:()V@java.lang.Thread
16!isCCLOverridden:(Ljava/lang/Class;)Z@java.lang.Thread
E!join:(J)V@java.lang.Thread
E!nextThreadID:()J@java.lang.Thread
E!nextThreadNum:()I@java.lang.Thread
3!add:(Ljava/lang/ThreadGroup;)V@java.lang.ThreadGroup
3!addUnstarted:()V@java.lang.ThreadGroup
E!fillInStackTrace:()Ljava/lang/Throwable;@java.lang.Throwable
E!getOurStackTrace:()[Ljava/lang/StackTraceElement;@java.lang.Throwable
E!initCause:(Ljava/lang/Throwable;)Ljava/lang/Throwable;@java.lang.Throwable
3!printStackTrace:(Ljava/io/PrintStream;)V@java.lang.Throwable
E!waitFor:()I@java.lang.UNIXProcess
30!run:()V@java.lang.UNIXProcess$2$1
6!close:()V@java.lang.UNIXProcess$DeferredCloseInputStream
6!lower:()V@java.lang.UNIXProcess$DeferredCloseInputStream
6!raise:()V@java.lang.UNIXProcess$DeferredCloseInputStream
5!run:()V@java.lang.ref.Reference$ReferenceHandler
3!enqueue:(Ljava/lang/ref/Reference;)Z@java.lang.ref.ReferenceQueue
24!enqueue:(Ljava/lang/ref/Reference;)Z@java.lang.ref.ReferenceQueue
15!poll:()Ljava/lang/ref/Reference;@java.lang.ref.ReferenceQueue
56!doSecurityCheck:(Ljava/lang/Object;)V@java.lang.reflect.Field
108!doSecurityCheck:(Ljava/lang/Object;)V@java.lang.reflect.Field
57!invoke:(Ljava/lang/Object;[Ljava/lang/Object;)Ljava/lang/Object;@java.lang.reflect.Method
118!invoke:(Ljava/lang/Object;[Ljava/lang/Object;)Ljava/lang/Object;@java.lang.reflect.Method
261!getProxyClass0:(Ljava/lang/ClassLoader;[Ljava/lang/Class;)Ljava/lang/Class;@java.lang.reflect.Proxy
321!getProxyClass0:(Ljava/lang/ClassLoader;[Ljava/lang/Class;)Ljava/lang/Class;@java.lang.reflect.Proxy
537!getProxyClass0:(Ljava/lang/ClassLoader;[Ljava/lang/Class;)Ljava/lang/Class;@java.lang.reflect.Proxy
661!getProxyClass0:(Ljava/lang/ClassLoader;[Ljava/lang/Class;)Ljava/lang/Class;@java.lang.reflect.Proxy
5!expandBigIntegerTenPowers:(I)Ljava/math/BigInteger;@java.math.BigDecimal
10!cacheAddress:(Ljava/lang/String;Ljava/lang/Object;Z)V@java.net.InetAddress
7!checkLookupTable:(Ljava/lang/String;)Ljava/lang/Object;@java.net.InetAddress
80!checkLookupTable:(Ljava/lang/String;)Ljava/lang/Object;@java.net.InetAddress
10!getCachedAddress:(Ljava/lang/String;)Ljava/lang/Object;@java.net.InetAddress
5!updateLookupTable:(Ljava/lang/String;)V@java.net.InetAddress
E!getDebug:()Lsun/security/util/Debug;@java.net.SocketPermission
54!add:(Ljava/security/Permission;)V@java.net.SocketPermissionCollection
3!elements:()Ljava/util/Enumeration;@java.net.SocketPermissionCollection
29!implies:(Ljava/security/Permission;)Z@java.net.SocketPermissionCollection
259!getURLStreamHandler:(Ljava/lang/String;)Ljava/net/URLStreamHandler;@java.net.URL
E!hashCode:()I@java.net.URL
4!set:(Ljava/lang/String;Ljava/lang/String;ILjava/lang/String;Ljava/lang/String;Ljava/lang/String;Ljava/lang/String;Ljava/lang/String;)V@java.net.URL
E!getHostAddress:(Ljava/net/URL;)Ljava/net/InetAddress;@java.net.URLStreamHandler
6!close:()V@java.nio.channels.spi.AbstractInterruptibleChannel
11!defaultCharset:()Ljava/nio/charset/Charset;@java.nio.charset.Charset
7!lookupExtendedCharset:(Ljava/lang/String;)Ljava/nio/charset/Charset;@java.nio.charset.Charset
E!get:(I)Ljava/nio/charset/CoderResult;@java.nio.charset.CoderResult$Cache
120!add:(Ljava/security/Permission;)V@java.security.BasicPermissionCollection
3!elements:()Ljava/util/Enumeration;@java.security.BasicPermissionCollection
45!implies:(Ljava/security/Permission;)Z@java.security.BasicPermissionCollection
142!implies:(Ljava/security/Permission;)Z@java.security.BasicPermissionCollection
6!nextSpi:(Ljava/security/KeyFactorySpi;)Ljava/security/KeyFactorySpi;@java.security.KeyFactory
20!add:(Ljava/security/Permission;)V@java.security.Permissions
3!elements:()Ljava/util/Enumeration;@java.security.Permissions
146!getUnresolvedPermissions:(Ljava/security/Permission;)Ljava/security/PermissionCollection;@java.security.Permissions
12!implies:(Ljava/security/Permission;)Z@java.security.Permissions
3!add:(Ljava/security/Permission;)V@java.security.PermissionsHash
3!elements:()Ljava/util/Enumeration;@java.security.PermissionsHash
3!implies:(Ljava/security/Permission;)Z@java.security.PermissionsHash
7!addStaticPerms:(Ljava/security/PermissionCollection;Ljava/security/PermissionCollection;)V@java.security.Policy
31!getPermissions:(Ljava/security/ProtectionDomain;)Ljava/security/PermissionCollection;@java.security.Policy
75!getPermissions:(Ljava/security/ProtectionDomain;)Ljava/security/PermissionCollection;@java.security.Policy
29!getPolicyNoCheck:()Ljava/security/Policy;@java.security.Policy
18!implies:(Ljava/security/ProtectionDomain;Ljava/security/Permission;)Z@java.security.Policy
77!implies:(Ljava/security/ProtectionDomain;Ljava/security/Permission;)Z@java.security.Policy
20!initPolicy:(Ljava/security/Policy;)V@java.security.Policy
107!initPolicy:(Ljava/security/Policy;)V@java.security.Policy
77!mergePermissions:()Ljava/security/PermissionCollection;@java.security.ProtectionDomain
144!mergePermissions:()Ljava/security/PermissionCollection;@java.security.ProtectionDomain
214!mergePermissions:()Ljava/security/PermissionCollection;@java.security.ProtectionDomain
E!clear:()V@java.security.Provider
E!entrySet:()Ljava/util/Set;@java.security.Provider
E!getService:(Ljava/lang/String;Ljava/lang/String;)Ljava/security/Provider$Service;@java.security.Provider
E!getServices:()Ljava/util/Set;@java.security.Provider
E!load:(Ljava/io/InputStream;)V@java.security.Provider
E!put:(Ljava/lang/Object;Ljava/lang/Object;)Ljava/lang/Object;@java.security.Provider
E!putAll:(Ljava/util/Map;)V@java.security.Provider
E!remove:(Ljava/lang/Object;)Ljava/lang/Object;@java.security.Provider
12!hasKeyAttributes:()Z@java.security.Provider$Service
14!getProtectionDomain:(Ljava/security/CodeSource;)Ljava/security/ProtectionDomain;@java.security.SecureClassLoader
E!nextBytes:([B)V@java.security.SecureRandom
14!chooseFirstProvider:()V@java.security.Signature$Delegate
7!chooseProvider:(ILjava/security/Key;Ljava/security/SecureRandom;)V@java.security.Signature$Delegate
43!add:(Ljava/security/Permission;)V@java.security.UnresolvedPermissionCollection
106!add:(Ljava/security/Permission;)V@java.security.UnresolvedPermissionCollection
11!elements:()Ljava/util/Enumeration;@java.security.UnresolvedPermissionCollection
52!elements:()Ljava/util/Enumeration;@java.security.UnresolvedPermissionCollection
3!getUnresolvedPermissions:(Ljava/security/Permission;)Ljava/util/List;@java.security.UnresolvedPermissionCollection
E!initialize:()V@java.security.cert.CertPathHelperImpl
E!addAttributeImpl:(Ljava/text/AttributedCharacterIterator$Attribute;Ljava/lang/Object;II)V@java.text.AttributedString
E!getAttribute:(Ljava/text/AttributedCharacterIterator$Attribute;I)Ljava/lang/Object;@java.text.AttributedString
14!entrySet:()Ljava/util/Set;@java.text.AttributedString$AttributeMap
24!getAllAttributeKeys:()Ljava/util/Set;@java.text.AttributedString$AttributedStringIterator
38!updateRunInfo:()V@java.text.AttributedString$AttributedStringIterator
296!format:(DLjava/lang/StringBuffer;Ljava/text/Format$FieldDelegate;)Ljava/lang/StringBuffer;@java.text.DecimalFormat
174!format:(JLjava/lang/StringBuffer;Ljava/text/Format$FieldDelegate;)Ljava/lang/StringBuffer;@java.text.DecimalFormat
49!format:(Ljava/math/BigDecimal;Ljava/lang/StringBuffer;Ljava/text/Format$FieldDelegate;)Ljava/lang/StringBuffer;@java.text.DecimalFormat
49!format:(Ljava/math/BigInteger;Ljava/lang/StringBuffer;Ljava/text/Format$FieldDelegate;Z)Ljava/lang/StringBuffer;@java.text.DecimalFormat
6!add:(Ljava/lang/Object;)Z@java.util.Collections$SynchronizedCollection
6!addAll:(Ljava/util/Collection;)Z@java.util.Collections$SynchronizedCollection
6!clear:()V@java.util.Collections$SynchronizedCollection
6!contains:(Ljava/lang/Object;)Z@java.util.Collections$SynchronizedCollection
6!isEmpty:()Z@java.util.Collections$SynchronizedCollection
6!remove:(Ljava/lang/Object;)Z@java.util.Collections$SynchronizedCollection
6!size:()I@java.util.Collections$SynchronizedCollection
6!toArray:()[Ljava/lang/Object;@java.util.Collections$SynchronizedCollection
6!toArray:([Ljava/lang/Object;)[Ljava/lang/Object;@java.util.Collections$SynchronizedCollection
6!toString:()Ljava/lang/String;@java.util.Collections$SynchronizedCollection
6!add:(ILjava/lang/Object;)V@java.util.Collections$SynchronizedList
13!equals:(Ljava/lang/Object;)Z@java.util.Collections$SynchronizedList
6!get:(I)Ljava/lang/Object;@java.util.Collections$SynchronizedList
6!hashCode:()I@java.util.Collections$SynchronizedList
6!remove:(I)Ljava/lang/Object;@java.util.Collections$SynchronizedList
6!set:(ILjava/lang/Object;)Ljava/lang/Object;@java.util.Collections$SynchronizedList
6!clear:()V@java.util.Collections$SynchronizedMap
6!containsKey:(Ljava/lang/Object;)Z@java.util.Collections$SynchronizedMap
6!containsValue:(Ljava/lang/Object;)Z@java.util.Collections$SynchronizedMap
6!entrySet:()Ljava/util/Set;@java.util.Collections$SynchronizedMap
13!equals:(Ljava/lang/Object;)Z@java.util.Collections$SynchronizedMap
6!get:(Ljava/lang/Object;)Ljava/lang/Object;@java.util.Collections$SynchronizedMap
6!hashCode:()I@java.util.Collections$SynchronizedMap
6!isEmpty:()Z@java.util.Collections$SynchronizedMap
6!keySet:()Ljava/util/Set;@java.util.Collections$SynchronizedMap
6!put:(Ljava/lang/Object;Ljava/lang/Object;)Ljava/lang/Object;@java.util.Collections$SynchronizedMap
6!putAll:(Ljava/util/Map;)V@java.util.Collections$SynchronizedMap
6!remove:(Ljava/lang/Object;)Ljava/lang/Object;@java.util.Collections$SynchronizedMap
6!size:()I@java.util.Collections$SynchronizedMap
6!toString:()Ljava/lang/String;@java.util.Collections$SynchronizedMap
6!values:()Ljava/util/Collection;@java.util.Collections$SynchronizedMap
13!equals:(Ljava/lang/Object;)Z@java.util.Collections$SynchronizedSet
6!hashCode:()I@java.util.Collections$SynchronizedSet
5!getInstance:(Ljava/lang/String;I)Ljava/util/Currency;@java.util.Currency
E!getJulianCalendar:()Lsun/util/calendar/BaseCalendar;@java.util.Date
812!parse:(Ljava/lang/String;)J@java.util.Date
E!getJulianCalendarSystem:()Lsun/util/calendar/BaseCalendar;@java.util.GregorianCalendar
E!clear:()V@java.util.Hashtable
E!clone:()Ljava/lang/Object;@java.util.Hashtable
E!contains:(Ljava/lang/Object;)Z@java.util.Hashtable
E!containsKey:(Ljava/lang/Object;)Z@java.util.Hashtable
E!elements:()Ljava/util/Enumeration;@java.util.Hashtable
E!equals:(Ljava/lang/Object;)Z@java.util.Hashtable
E!get:(Ljava/lang/Object;)Ljava/lang/Object;@java.util.Hashtable
E!hashCode:()I@java.util.Hashtable
E!isEmpty:()Z@java.util.Hashtable
E!keys:()Ljava/util/Enumeration;@java.util.Hashtable
E!put:(Ljava/lang/Object;Ljava/lang/Object;)Ljava/lang/Object;@java.util.Hashtable
E!putAll:(Ljava/util/Map;)V@java.util.Hashtable
E!remove:(Ljava/lang/Object;)Ljava/lang/Object;@java.util.Hashtable
E!size:()I@java.util.Hashtable
E!toString:()Ljava/lang/String;@java.util.Hashtable
60!remove:()V@java.util.Hashtable$Enumerator
E!enumerate:(Ljava/util/Hashtable;)V@java.util.Properties
E!load:(Ljava/io/InputStream;)V@java.util.Properties
E!setProperty:(Ljava/lang/String;Ljava/lang/String;)Ljava/lang/Object;@java.util.Properties
65!add:(Ljava/security/Permission;)V@java.util.PropertyPermissionCollection
3!elements:()Ljava/util/Enumeration;@java.util.PropertyPermissionCollection
34!implies:(Ljava/security/Permission;)Z@java.util.PropertyPermissionCollection
99!implies:(Ljava/security/Permission;)Z@java.util.PropertyPermissionCollection
213!implies:(Ljava/security/Permission;)Z@java.util.PropertyPermissionCollection
E!setSeed:(J)V@java.util.Random
168!findBundleInCache:(Ljava/util/ResourceBundle$CacheKey;Ljava/util/ResourceBundle$Control;)Ljava/util/ResourceBundle;@java.util.ResourceBundle
4!getOffset:(Lsun/util/calendar/BaseCalendar;Lsun/util/calendar/BaseCalendar$Date;IJ)I@java.util.SimpleTimeZone
263!getOffset:(Lsun/util/calendar/BaseCalendar;Lsun/util/calendar/BaseCalendar$Date;IJ)I@java.util.SimpleTimeZone
140!getOffset:(Lsun/util/calendar/BaseCalendar;Lsun/util/calendar/BaseCalendar$Date;IJ)I@java.util.SimpleTimeZone
17!getOffsets:(J[I)I@java.util.SimpleTimeZone
E!hashCode:()I@java.util.SimpleTimeZone
E!peek:()Ljava/lang/Object;@java.util.Stack
E!pop:()Ljava/lang/Object;@java.util.Stack
E!getTimeZone:(Ljava/lang/String;)Ljava/util/TimeZone;@java.util.TimeZone
E!setDefaultZone:()Ljava/util/TimeZone;@java.util.TimeZone
E!add:(Ljava/lang/Object;)Z@java.util.Vector
E!addAll:(ILjava/util/Collection;)Z@java.util.Vector
E!addAll:(Ljava/util/Collection;)Z@java.util.Vector
E!addElement:(Ljava/lang/Object;)V@java.util.Vector
E!clone:()Ljava/lang/Object;@java.util.Vector
E!containsAll:(Ljava/util/Collection;)Z@java.util.Vector
E!copyInto:([Ljava/lang/Object;)V@java.util.Vector
E!elementAt:(I)Ljava/lang/Object;@java.util.Vector
E!equals:(Ljava/lang/Object;)Z@java.util.Vector
E!get:(I)Ljava/lang/Object;@java.util.Vector
E!hashCode:()I@java.util.Vector
E!indexOf:(Ljava/lang/Object;I)I@java.util.Vector
E!insertElementAt:(Ljava/lang/Object;I)V@java.util.Vector
E!isEmpty:()Z@java.util.Vector
E!remove:(I)Ljava/lang/Object;@java.util.Vector
E!removeAllElements:()V@java.util.Vector
E!removeElement:(Ljava/lang/Object;)Z@java.util.Vector
E!removeElementAt:(I)V@java.util.Vector
E!removeRange:(II)V@java.util.Vector
E!retainAll:(Ljava/util/Collection;)Z@java.util.Vector
E!set:(ILjava/lang/Object;)Ljava/lang/Object;@java.util.Vector
E!setSize:(I)V@java.util.Vector
E!size:()I@java.util.Vector
E!subList:(II)Ljava/util/List;@java.util.Vector
E!toArray:()[Ljava/lang/Object;@java.util.Vector
E!toArray:([Ljava/lang/Object;)[Ljava/lang/Object;@java.util.Vector
E!toString:()Ljava/lang/String;@java.util.Vector
6!nextElement:()Ljava/lang/Object;@java.util.Vector$1
E!getInputStream:(Ljava/util/zip/ZipEntry;)Ljava/io/InputStream;@java.util.jar.JarFile
249!processEntry:(Lsun/security/util/ManifestEntryVerifier;)V@java.util.jar.JarVerifier
E!setLevel:(Ljava/util/logging/Level;)V@java.util.logging.Handler
E!getLocalizedLevelName:()Ljava/lang/String;@java.util.logging.Level
E!add:(Ljava/util/logging/Level;)V@java.util.logging.Level$KnownLevel
E!findByLocalizedLevelName:(Ljava/lang/String;)Ljava/util/logging/Level$KnownLevel;@java.util.logging.Level$KnownLevel
E!findByName:(Ljava/lang/String;)Ljava/util/logging/Level$KnownLevel;@java.util.logging.Level$KnownLevel
E!findByValue:(I)Ljava/util/logging/Level$KnownLevel;@java.util.logging.Level$KnownLevel
E!drainLoggerRefQueueBounded:()V@java.util.logging.LogManager
22!getUserContext:()Ljava/util/logging/LogManager$LoggerContext;@java.util.logging.LogManager
E!initializeGlobalHandlers:()V@java.util.logging.LogManager
137!readConfiguration:(Ljava/io/InputStream;)V@java.util.logging.LogManager
10!readPrimordialConfiguration:()V@java.util.logging.LogManager
7!reset:()V@java.util.logging.LogManager
E!setLevelsOnExistingLoggers:()V@java.util.logging.LogManager
10!run:()V@java.util.logging.LogManager$Cleaner
E!addLocalLogger:(Ljava/util/logging/Logger;)Z@java.util.logging.LogManager$LoggerContext
E!ensureRootLogger:(Ljava/util/logging/Logger;)V@java.util.logging.LogManager$LoggerContext
E!findLogger:(Ljava/lang/String;)Ljava/util/logging/Logger;@java.util.logging.LogManager$LoggerContext
E!getLoggerNames:()Ljava/util/Enumeration;@java.util.logging.LogManager$LoggerContext
24!<init>:(Ljava/util/logging/Level;Ljava/lang/String;)V@java.util.logging.LogRecord
E!addHandler:(Ljava/util/logging/Handler;)V@java.util.logging.Logger
5!doSetParent:(Ljava/util/logging/Logger;)V@java.util.logging.Logger
E!findResourceBundle:(Ljava/lang/String;)Ljava/util/ResourceBundle;@java.util.logging.Logger
E!getHandlers:()[Ljava/util/logging/Handler;@java.util.logging.Logger
E!getLogger:(Ljava/lang/String;)Ljava/util/logging/Logger;@java.util.logging.Logger
5!getParent:()Ljava/util/logging/Logger;@java.util.logging.Logger
E!getUseParentHandlers:()Z@java.util.logging.Logger
28!log:(Ljava/util/logging/LogRecord;)V@java.util.logging.Logger
5!removeChildLogger:(Ljava/util/logging/LogManager$LoggerWeakRef;)V@java.util.logging.Logger
E!removeHandler:(Ljava/util/logging/Handler;)V@java.util.logging.Logger
9!setLevel:(Ljava/util/logging/Level;)V@java.util.logging.Logger
E!setUseParentHandlers:(Z)V@java.util.logging.Logger
E!setupResourceInfo:(Ljava/lang/String;)V@java.util.logging.Logger
10!matcher:(Ljava/lang/CharSequence;)Ljava/util/regex/Matcher;@java.util.regex.Pattern
6!end:()V@java.util.zip.Inflater
6!finished:()Z@java.util.zip.Inflater
6!getBytesRead:()J@java.util.zip.Inflater
6!getBytesWritten:()J@java.util.zip.Inflater
6!getRemaining:()I@java.util.zip.Inflater
43!inflate:([BII)I@java.util.zip.Inflater
6!needsDictionary:()Z@java.util.zip.Inflater
6!needsInput:()Z@java.util.zip.Inflater
6!reset:()V@java.util.zip.Inflater
43!setInput:([BII)V@java.util.zip.Inflater
3!close:()V@java.util.zip.ZipFile
39!close:()V@java.util.zip.ZipFile
20!getEntry:(Ljava/lang/String;)Ljava/util/zip/ZipEntry;@java.util.zip.ZipFile
6!getInflater:()Ljava/util/zip/Inflater;@java.util.zip.ZipFile
23!getInputStream:(Ljava/lang/String;)Ljava/io/InputStream;@java.util.zip.ZipFile
6!releaseInflater:(Ljava/util/zip/Inflater;)V@java.util.zip.ZipFile
6!hasMoreElements:()Z@java.util.zip.ZipFile$2
6!nextElement:()Ljava/util/zip/ZipEntry;@java.util.zip.ZipFile$2
11!close:()V@java.util.zip.ZipFile$ZipFileInputStream
40!read:([BII)I@java.util.zip.ZipFile$ZipFileInputStream
14!a:()V@javax.crypto.Cipher
7!a:(IILjava/security/Key;Ljava/security/spec/AlgorithmParameterSpec;Ljava/security/AlgorithmParameters;Ljava/security/SecureRandom;)V@javax.crypto.Cipher
E!a:(Ljava/security/Provider;)Ljava/lang/Exception;@javax.crypto.SunJCE_b
102!a:(Ljava/lang/String;)Ljavax/crypto/SunJCE_f;@javax.crypto.SunJCE_h
E!hasMoreElements:()Z@javax.crypto.SunJCE_j
E!nextElement:()Ljava/lang/Object;@javax.crypto.SunJCE_j
18!<init>:(Ljava/lang/String;Ljava/util/Set;)V@javax.security.auth.PrivateCredentialPermission
32!equals:(Ljava/lang/Object;)Z@javax.security.auth.Subject
79!equals:(Ljava/lang/Object;)Z@javax.security.auth.Subject
128!equals:(Ljava/lang/Object;)Z@javax.security.auth.Subject
8!hashCode:()I@javax.security.auth.Subject
68!hashCode:()I@javax.security.auth.Subject
16!toString:(Z)Ljava/lang/String;@javax.security.auth.Subject
113!toString:(Z)Ljava/lang/String;@javax.security.auth.Subject
211!toString:(Z)Ljava/lang/String;@javax.security.auth.Subject
E!getListenersInternal:()[Ljava/util/EventListener;@sun.awt.EventListenerAggregate
E!getBackgroundMutex:()Lsun/jkernel/Mutex;@sun.jkernel.BackgroundDownloader
E!getBundle:(Ljava/lang/String;)Lsun/jkernel/Bundle;@sun.jkernel.Bundle
E!getThreadPool:()Ljava/util/concurrent/ExecutorService;@sun.jkernel.Bundle
E!install:(ZZZ)V@sun.jkernel.Bundle
5!isInstalled:()Z@sun.jkernel.Bundle
E!loadReceipts:()V@sun.jkernel.Bundle
E!setState:(I)V@sun.jkernel.Bundle
5!updateState:()V@sun.jkernel.Bundle
E!getProperties:()Ljava/util/Properties;@sun.jkernel.BundleCheck
5!addEntryToBootClassPath:(Ljava/io/File;)V@sun.jkernel.DownloadManager
11!addEntryToBootClassPath:(Ljava/io/File;)V@sun.jkernel.DownloadManager
E!extDirIsIncluded:()Z@sun.jkernel.DownloadManager
E!flushBundleURLs:()V@sun.jkernel.DownloadManager
E!getAdditionalBootStrapPaths:()[Ljava/io/File;@sun.jkernel.DownloadManager
E!getBaseDownloadURL:()Ljava/lang/String;@sun.jkernel.DownloadManager
E!getBundleProperties:()Ljava/util/Map;@sun.jkernel.DownloadManager
E!getBundleURLs:(Z)Ljava/util/Properties;@sun.jkernel.DownloadManager
E!getVisitorId:()Ljava/lang/String;@sun.jkernel.DownloadManager
E!launchBrokerProcess:()Z@sun.jkernel.DownloadManager
E!loadJKernelLibrary:()V@sun.jkernel.DownloadManager
E!println:(Ljava/lang/String;)V@sun.jkernel.DownloadManager
E!sendErrorPing:(I)V@sun.jkernel.DownloadManager
E!remove:(Lsun/misc/Cleaner;)Z@sun.misc.Cleaner
E!checkExtension:(Ljava/lang/String;Ljava/util/jar/Attributes;)Z@sun.misc.ExtensionDependency
6!installExtension:(Lsun/misc/ExtensionInfo;Lsun/misc/ExtensionInfo;)Z@sun.misc.ExtensionDependency
E!big5pow:(I)Lsun/misc/FDBigInt;@sun.misc.FloatingDecimal
E!initialValue:()Ljava/lang/Object;@sun.misc.FloatingDecimal$1
E!big5pow:(I)Lsun/misc/FDBigInt;@sun.misc.FormattedFloatingDecimal
E!initialValue:()Ljava/lang/Object;@sun.misc.FormattedFloatingDecimal$1
E!flushBootstrapClassPath:()V@sun.misc.Launcher
E!getBootstrapClassPath:()Lsun/misc/URLClassPath;@sun.misc.Launcher
E!loadClass:(Ljava/lang/String;Z)Ljava/lang/Class;@sun.misc.Launcher$AppClassLoader
11!getJarMap:()Ljava/util/Map;@sun.misc.MetaIndex
E!registerDirectory:(Ljava/io/File;)V@sun.misc.MetaIndex
E!cachedInputStream:()Ljava/io/InputStream;@sun.misc.Resource
6!addURL:(Ljava/net/URL;)V@sun.misc.URLClassPath
E!getLoader:(I)Lsun/misc/URLClassPath$Loader;@sun.misc.URLClassPath
19!getLoader:(I)Lsun/misc/URLClassPath$Loader;@sun.misc.URLClassPath
6!getURLs:()[Ljava/net/URL;@sun.misc.URLClassPath
6!push:([Ljava/net/URL;)V@sun.misc.URLClassPath
E!get:()I@sun.net.InetAddressCachePolicy
E!getNegative:()I@sun.net.InetAddressCachePolicy
E!add:(Ljava/lang/String;Ljava/lang/String;)V@sun.net.www.MessageHeader
E!set:(Ljava/lang/String;Ljava/lang/String;)V@sun.net.www.MessageHeader
E!toString:()Ljava/lang/String;@sun.net.www.MessageHeader
E!isProxiedHost:(Ljava/lang/String;)Z@sun.net.www.URLConnection
3!charsetForName:(Ljava/lang/String;)Ljava/nio/charset/Charset;@sun.nio.cs.FastCharsetProvider
6!close:()V@sun.nio.cs.StreamDecoder
13!read:([CII)I@sun.nio.cs.StreamDecoder
6!read0:()I@sun.nio.cs.StreamDecoder
6!ready:()Z@sun.nio.cs.StreamDecoder
6!close:()V@sun.nio.cs.StreamEncoder
6!flush:()V@sun.nio.cs.StreamEncoder
6!flushBuffer:()V@sun.nio.cs.StreamEncoder
7!write:([CII)V@sun.nio.cs.StreamEncoder
E!generateName:(ZZ)Ljava/lang/String;@sun.reflect.MethodAccessorGenerator
25!getProvider:()Ljava/security/Provider;@sun.security.jca.ProviderConfig
E!beginThreadProviderList:(Lsun/security/jca/ProviderList;)Lsun/security/jca/ProviderList;@sun.security.jca.Providers
E!endThreadProviderList:(Lsun/security/jca/ProviderList;)V@sun.security.jca.Providers
20!checkForTrustedIdentity:(Ljava/security/cert/Certificate;Lsun/security/provider/PolicyFile$PolicyInfo;)Z@sun.security.provider.PolicyFile
394!expandSelf:(Lsun/security/provider/PolicyFile$SelfPermission;Ljava/util/List;[Ljava/security/Principal;Ljava/security/Permissions;)V@sun.security.provider.PolicyFile
49!getCertificates:(Ljava/security/KeyStore;Ljava/lang/String;Lsun/security/provider/PolicyFile$PolicyInfo;)[Ljava/security/cert/Certificate;@sun.security.provider.PolicyFile
66!getPermissions:(Ljava/security/Permissions;Ljava/security/CodeSource;[Ljava/security/Principal;)Ljava/security/Permissions;@sun.security.provider.PolicyFile
34!getPermissions:(Ljava/security/ProtectionDomain;)Ljava/security/PermissionCollection;@sun.security.provider.PolicyFile
E!engineNextBytes:([B)V@sun.security.provider.SecureRandom
E!engineSetSeed:([B)V@sun.security.provider.SecureRandom
5!getSeedByte:()B@sun.security.provider.SeedGenerator$ThreadedSeedGenerator
54!getSeedByte:()B@sun.security.provider.SeedGenerator$ThreadedSeedGenerator
3!run:()V@sun.security.provider.SeedGenerator$ThreadedSeedGenerator
176!run:()V@sun.security.provider.SeedGenerator$ThreadedSeedGenerator
126!run:()V@sun.security.provider.SeedGenerator$ThreadedSeedGenerator
36!encode:(Lsun/security/util/DerOutputStream;)V@sun.security.util.DerValue
13!getDataBytes:()[B@sun.security.util.DerValue
11!convertToBytes:([C)[B@sun.security.util.Password
72!convertToBytes:([C)[B@sun.security.util.Password
E!getExtendedKeyUsage:()Ljava/util/List;@sun.security.x509.X509CertImpl
E!verify:(Ljava/security/PublicKey;Ljava/lang/String;)V@sun.security.x509.X509CertImpl
E!internalGetNX:(I)Lsun/text/normalizer/UnicodeSet;@sun.text.normalizer.NormalizerImpl
E!internalGetNXCJKCompat:()Lsun/text/normalizer/UnicodeSet;@sun.text.normalizer.NormalizerImpl
E!internalGetNXHangul:()Lsun/text/normalizer/UnicodeSet;@sun.text.normalizer.NormalizerImpl
E!internalGetNXUnicode:(I)Lsun/text/normalizer/UnicodeSet;@sun.text.normalizer.NormalizerImpl
E!getInclusions:()Lsun/text/normalizer/UnicodeSet;@sun.text.normalizer.UnicodeSet
E!getJRELocales:()Ljava/util/List;@sun.util.LocaleServiceProviderPool
E!getProviderLocales:()Ljava/util/Set;@sun.util.LocaleServiceProviderPool
75!initNames:()V@sun.util.calendar.CalendarSystem
E!getAliasTable:()Ljava/util/Map;@sun.util.calendar.ZoneInfo
E!getLastRule:()Ljava/util/SimpleTimeZone;@sun.util.calendar.ZoneInfo
E!addToCache:(Ljava/lang/String;Lsun/util/calendar/ZoneInfo;)Lsun/util/calendar/ZoneInfo;@sun.util.calendar.ZoneInfoFile
E!getFromCache:(Ljava/lang/String;)Lsun/util/calendar/ZoneInfo;@sun.util.calendar.ZoneInfoFile
E!loadLookup:()V@sun.util.resources.OpenListResourceBundle
